CMD: /home/aoxu/projects/PoseBench/forks/GNINA/gnina -r /mnt/katritch_lab2/aoxu/contrasCF/analysis/ligand_mutagenesis/outputs/4tmn/chrg_pos_3/docking/receptor.pdb -l /mnt/katritch_lab2/aoxu/contrasCF/analysis/ligand_mutagenesis/outputs/4tmn/chrg_pos_3/docking/ligand.sdf --center_x 35.23863888888889 --center_y 41.43425 --center_z -6.981305555555556 --size_x 25.0 --size_y 25.0 --size_z 25.0 --cnn_scoring rescore --num_modes 9 --exhaustiveness 8 --seed 42 -o /mnt/katritch_lab2/aoxu/contrasCF/analysis/ligand_mutagenesis/outputs/4tmn/chrg_pos_3/gnina/poses.sdf

STDOUT:
              _             
             (_)            
   __ _ _ __  _ _ __   __ _ 
  / _` | '_ \| | '_ \ / _` |
 | (_| | | | | | | | | (_| |
  \__, |_| |_|_|_| |_|\__,_|
   __/ |                    
  |___/                     

gnina v1.3 master:97fa6bc+   Built Oct  3 2024.
gnina is based on smina and AutoDock Vina.
Please cite appropriately.

Commandline: /home/aoxu/projects/PoseBench/forks/GNINA/gnina -r /mnt/katritch_lab2/aoxu/contrasCF/analysis/ligand_mutagenesis/outputs/4tmn/chrg_pos_3/docking/receptor.pdb -l /mnt/katritch_lab2/aoxu/contrasCF/analysis/ligand_mutagenesis/outputs/4tmn/chrg_pos_3/docking/ligand.sdf --center_x 35.23863888888889 --center_y 41.43425 --center_z -6.981305555555556 --size_x 25.0 --size_y 25.0 --size_z 25.0 --cnn_scoring rescore --num_modes 9 --exhaustiveness 8 --seed 42 -o /mnt/katritch_lab2/aoxu/contrasCF/analysis/ligand_mutagenesis/outputs/4tmn/chrg_pos_3/gnina/poses.sdf
Using random seed: 42

0%   10   20   30   40   50   60   70   80   90   100%
|----|----|----|----|----|----|----|----|----|----|
***************************************************
 | pose 0 | initial pose not within box
 | pose 0 | ligand outside box
 | pose 0 | ligand outside box
 | pose 0 | ligand outside box
 | pose 0 | ligand outside box

mode |  affinity  |  intramol  |    CNN     |   CNN
     | (kcal/mol) | (kcal/mol) | pose score | affinity
-----+------------+------------+------------+----------
    1       -8.86        0.64       0.8707      8.511
    2       -8.73       -0.12       0.8616      8.373
    3       -9.39        0.02       0.8165      8.175
    4       -9.24        0.14       0.7827      8.230
    5       -8.34        0.53       0.7765      7.978
    6       -8.30       -0.94       0.7292      8.196
    7       -8.29        1.38       0.6942      8.016
    8       -8.04        1.83       0.6593      8.135
    9       -7.19       -0.86       0.6511      8.011


STDERR:
