CMD: /home/aoxu/projects/PoseBench/forks/GNINA/gnina -r /mnt/katritch_lab2/aoxu/contrasCF/analysis/ligand_mutagenesis/outputs/4kz6/chrg_pos_2/docking/receptor.pdb -l /mnt/katritch_lab2/aoxu/contrasCF/analysis/ligand_mutagenesis/outputs/4kz6/chrg_pos_2/docking/ligand.sdf --center_x 79.37773333333334 --center_y 6.445733333333333 --center_z 29.244533333333333 --size_x 25.0 --size_y 25.0 --size_z 25.0 --cnn_scoring rescore --num_modes 9 --exhaustiveness 8 --seed 42 -o /mnt/katritch_lab2/aoxu/contrasCF/analysis/ligand_mutagenesis/outputs/4kz6/chrg_pos_2/gnina/poses.sdf

STDOUT:
              _             
             (_)            
   __ _ _ __  _ _ __   __ _ 
  / _` | '_ \| | '_ \ / _` |
 | (_| | | | | | | | | (_| |
  \__, |_| |_|_|_| |_|\__,_|
   __/ |                    
  |___/                     

gnina v1.3 master:97fa6bc+   Built Oct  3 2024.
gnina is based on smina and AutoDock Vina.
Please cite appropriately.

Commandline: /home/aoxu/projects/PoseBench/forks/GNINA/gnina -r /mnt/katritch_lab2/aoxu/contrasCF/analysis/ligand_mutagenesis/outputs/4kz6/chrg_pos_2/docking/receptor.pdb -l /mnt/katritch_lab2/aoxu/contrasCF/analysis/ligand_mutagenesis/outputs/4kz6/chrg_pos_2/docking/ligand.sdf --center_x 79.37773333333334 --center_y 6.445733333333333 --center_z 29.244533333333333 --size_x 25.0 --size_y 25.0 --size_z 25.0 --cnn_scoring rescore --num_modes 9 --exhaustiveness 8 --seed 42 -o /mnt/katritch_lab2/aoxu/contrasCF/analysis/ligand_mutagenesis/outputs/4kz6/chrg_pos_2/gnina/poses.sdf
Using random seed: 42

0%   10   20   30   40   50   60   70   80   90   100%
|----|----|----|----|----|----|----|----|----|----|
***************************************************
 | pose 0 | initial pose not within box

mode |  affinity  |  intramol  |    CNN     |   CNN
     | (kcal/mol) | (kcal/mol) | pose score | affinity
-----+------------+------------+------------+----------
    1       -4.44        1.23       0.6615      4.484
    2       -4.34        1.53       0.6577      4.695
    3       -4.23        0.06       0.6420      4.445
    4       -4.69        1.37       0.6079      4.614
    5       -4.39        0.15       0.5717      4.350
    6       -3.78       -0.03       0.5670      4.516
    7       -3.73       -0.08       0.5506      4.521
    8       -3.95        0.84       0.4575      4.721
    9       -4.86       -0.10       0.4289      4.369


STDERR:
