GNINA variants — root: /mnt/katritch_lab2/aoxu/contrasCF/analysis/ligand_mutagenesis/outputs
Discovered 1300 cells with docking/ inputs
GNINA bin: /home/aoxu/projects/PoseBench/forks/GNINA/gnina
  [   1/1300] 1bcu/halo_Br_1 ...
      ok (wallclock=3.1s)
  [   2/1300] 1bcu/halo_Cl_1 ...
      ok (wallclock=3.0s)
  [   3/1300] 1bcu/halo_F_1 ...
      skip_existing (wallclock=?s)
  [   4/1300] 1bcu/wt ...
      ok (wallclock=2.9s)
  [   5/1300] 1bzc/chrg_neu_ethyl ...
      ok (wallclock=8.1s)
  [   6/1300] 1bzc/chrg_neu_methyl ...
      ok (wallclock=7.5s)
  [   7/1300] 1bzc/chrg_neu_propyl ...
      ok (wallclock=10.1s)
  [   8/1300] 1bzc/chrg_pos_1 ...
      ok (wallclock=6.3s)
  [   9/1300] 1bzc/chrg_pos_2 ...
      ok (wallclock=7.9s)
  [  10/1300] 1bzc/chrg_pos_3 ...
      ok (wallclock=10.3s)
  [  11/1300] 1bzc/halo_Br_1 ...
      ok (wallclock=6.0s)
  [  12/1300] 1bzc/halo_Cl_1 ...
      ok (wallclock=6.0s)
  [  13/1300] 1bzc/halo_F_1 ...
      skip_existing (wallclock=?s)
  [  14/1300] 1bzc/wt ...
      ok (wallclock=5.7s)
  [  15/1300] 1e66/halo_Br_1 ...
      ok (wallclock=3.8s)
  [  16/1300] 1e66/halo_Cl_1 ...
      ok (wallclock=3.9s)
  [  17/1300] 1e66/halo_F_1 ...
      skip_existing (wallclock=?s)
  [  18/1300] 1e66/wt ...
      ok (wallclock=3.8s)
  [  19/1300] 1eby/halo_Br_1 ...
      ok (wallclock=14.9s)
  [  20/1300] 1eby/halo_Cl_1 ...
      ok (wallclock=14.4s)
  [  21/1300] 1eby/halo_F_1 ...
      ok (wallclock=14.2s)
  [  22/1300] 1eby/meth_1 ...
      ok (wallclock=14.3s)
  [  23/1300] 1eby/meth_2 ...
      ok (wallclock=15.3s)
  [  24/1300] 1eby/meth_3 ...
      ok (wallclock=19.1s)
  [  25/1300] 1eby/meth_4 ...
      ok (wallclock=20.2s)
  [  26/1300] 1eby/wt ...
      ok (wallclock=13.7s)
  [  27/1300] 1g2k/halo_Br_1 ...
      ok (wallclock=11.5s)
  [  28/1300] 1g2k/halo_Cl_1 ...
      ok (wallclock=12.5s)
  [  29/1300] 1g2k/halo_F_1 ...
      ok (wallclock=12.5s)
  [  30/1300] 1g2k/meth_1 ...
      ok (wallclock=11.8s)
  [  31/1300] 1g2k/meth_2 ...
      ok (wallclock=14.8s)
  [  32/1300] 1g2k/wt ...
      ok (wallclock=11.6s)
  [  33/1300] 1gpk/halo_Br_1 ...
      ok (wallclock=3.8s)
  [  34/1300] 1gpk/halo_Cl_1 ...
      ok (wallclock=3.7s)
  [  35/1300] 1gpk/halo_F_1 ...
      ok (wallclock=3.8s)
  [  36/1300] 1gpk/wt ...
      ok (wallclock=3.7s)
  [  37/1300] 1gpn/halo_Br_1 ...
      ok (wallclock=3.7s)
  [  38/1300] 1gpn/halo_Cl_1 ...
      ok (wallclock=3.8s)
  [  39/1300] 1gpn/halo_F_1 ...
      ok (wallclock=3.6s)
  [  40/1300] 1gpn/wt ...
      ok (wallclock=3.5s)
  [  41/1300] 1h22/halo_Br_1 ...
      ok (wallclock=8.7s)
  [  42/1300] 1h22/halo_Cl_1 ...
      ok (wallclock=8.8s)
  [  43/1300] 1h22/halo_F_1 ...
      ok (wallclock=9.7s)
  [  44/1300] 1h22/wt ...
      ok (wallclock=8.6s)
  [  45/1300] 1h23/halo_Br_1 ...
      ok (wallclock=10.6s)
  [  46/1300] 1h23/halo_Cl_1 ...
      ok (wallclock=10.4s)
  [  47/1300] 1h23/halo_F_1 ...
      ok (wallclock=10.1s)
  [  48/1300] 1h23/wt ...
      ok (wallclock=9.8s)
  [  49/1300] 1k1i/chrg_neu_ethyl ...
      ok (wallclock=10.9s)
  [  50/1300] 1k1i/chrg_neu_methyl ...
      ok (wallclock=10.3s)
  [  51/1300] 1k1i/chrg_neu_propyl ...
      ok (wallclock=14.4s)
  [  52/1300] 1k1i/chrg_pos_1 ...
      ok (wallclock=8.9s)
  [  53/1300] 1k1i/chrg_pos_2 ...
      ok (wallclock=11.0s)
  [  54/1300] 1k1i/chrg_pos_3 ...
      ok (wallclock=14.3s)
  [  55/1300] 1k1i/halo_Br_1 ...
      ok (wallclock=8.6s)
  [  56/1300] 1k1i/halo_Cl_1 ...
      ok (wallclock=8.6s)
  [  57/1300] 1k1i/halo_F_1 ...
      ok (wallclock=8.6s)
  [  58/1300] 1k1i/wt ...
      ok (wallclock=8.3s)
  [  59/1300] 1lpg/halo_Br_1 ...
      ok (wallclock=10.0s)
  [  60/1300] 1lpg/halo_Cl_1 ...
      ok (wallclock=10.0s)
  [  61/1300] 1lpg/halo_F_1 ...
      ok (wallclock=10.1s)
  [  62/1300] 1lpg/wt ...
      ok (wallclock=9.6s)
  [  63/1300] 1mq6/halo_Br_1 ...
      ok (wallclock=8.3s)
  [  64/1300] 1mq6/halo_Cl_1 ...
      ok (wallclock=8.0s)
  [  65/1300] 1mq6/halo_F_1 ...
      ok (wallclock=8.3s)
  [  66/1300] 1mq6/wt ...
      ok (wallclock=7.8s)
  [  67/1300] 1nc1/halo_Br_1 ...
      ok (wallclock=4.5s)
  [  68/1300] 1nc1/halo_Cl_1 ...
      ok (wallclock=4.5s)
  [  69/1300] 1nc1/halo_F_1 ...
      ok (wallclock=4.6s)
  [  70/1300] 1nc1/meth_1 ...
      ok (wallclock=4.7s)
  [  71/1300] 1nc1/meth_2 ...
      ok (wallclock=4.8s)
  [  72/1300] 1nc1/wt ...
      ok (wallclock=4.4s)
  [  73/1300] 1nc3/halo_Br_1 ...
      ok (wallclock=4.1s)
  [  74/1300] 1nc3/halo_Cl_1 ...
      ok (wallclock=4.5s)
  [  75/1300] 1nc3/halo_F_1 ...
      ok (wallclock=4.5s)
  [  76/1300] 1nc3/meth_1 ...
      ok (wallclock=4.6s)
  [  77/1300] 1nc3/meth_2 ...
      ok (wallclock=4.8s)
  [  78/1300] 1nc3/meth_3 ...
      ok (wallclock=5.1s)
  [  79/1300] 1nc3/wt ...
      ok (wallclock=4.3s)
  [  80/1300] 1nvq/halo_Br_1 ...
      ok (wallclock=4.6s)
  [  81/1300] 1nvq/halo_Cl_1 ...
      ok (wallclock=5.2s)
  [  82/1300] 1nvq/halo_F_1 ...
      ok (wallclock=4.7s)
  [  83/1300] 1nvq/meth_1 ...
      ok (wallclock=5.3s)
  [  84/1300] 1nvq/wt ...
      ok (wallclock=4.4s)
  [  85/1300] 1o0h/chrg_neu_ethyl ...
      ok (wallclock=5.5s)
  [  86/1300] 1o0h/chrg_neu_methyl ...
      ok (wallclock=5.1s)
  [  87/1300] 1o0h/chrg_neu_propyl ...
      ok (wallclock=6.9s)
  [  88/1300] 1o0h/chrg_pos_1 ...
      ok (wallclock=4.5s)
  [  89/1300] 1o0h/chrg_pos_2 ...
      ok (wallclock=5.5s)
  [  90/1300] 1o0h/chrg_pos_3 ...
      ok (wallclock=6.9s)
  [  91/1300] 1o0h/halo_Br_1 ...
      ok (wallclock=5.6s)
  [  92/1300] 1o0h/halo_Cl_1 ...
      ok (wallclock=5.6s)
  [  93/1300] 1o0h/halo_F_1 ...
      ok (wallclock=5.7s)
  [  94/1300] 1o0h/meth_1 ...
      ok (wallclock=5.7s)
  [  95/1300] 1o0h/meth_2 ...
      ok (wallclock=6.0s)
  [  96/1300] 1o0h/wt ...
      ok (wallclock=5.2s)
  [  97/1300] 1o3f/halo_Br_1 ...
      ok (wallclock=4.1s)
  [  98/1300] 1o3f/halo_Cl_1 ...
      ok (wallclock=4.1s)
  [  99/1300] 1o3f/halo_F_1 ...
      ok (wallclock=4.2s)
  [ 100/1300] 1o3f/wt ...
      ok (wallclock=4.0s)
  [ 101/1300] 1o5b/halo_Br_1 ...
      ok (wallclock=3.2s)
  [ 102/1300] 1o5b/halo_Cl_1 ...
      ok (wallclock=3.1s)
  [ 103/1300] 1o5b/halo_F_1 ...
      ok (wallclock=3.2s)
  [ 104/1300] 1o5b/wt ...
      ok (wallclock=3.1s)
  [ 105/1300] 1owh/halo_Br_1 ...
      ok (wallclock=4.2s)
  [ 106/1300] 1owh/halo_Cl_1 ...
      ok (wallclock=4.3s)
  [ 107/1300] 1owh/halo_F_1 ...
      ok (wallclock=4.2s)
  [ 108/1300] 1owh/wt ...
      ok (wallclock=4.1s)
  [ 109/1300] 1oyt/halo_Br_1 ...
      ok (wallclock=5.5s)
  [ 110/1300] 1oyt/halo_Cl_1 ...
      ok (wallclock=5.5s)
  [ 111/1300] 1oyt/halo_F_1 ...
      ok (wallclock=5.5s)
  [ 112/1300] 1oyt/wt ...
      ok (wallclock=5.4s)
  [ 113/1300] 1p1n/chrg_neu_ethyl ...
      ok (wallclock=4.5s)
  [ 114/1300] 1p1n/chrg_neu_methyl ...
      ok (wallclock=4.1s)
  [ 115/1300] 1p1n/chrg_neu_propyl ...
      ok (wallclock=5.8s)
  [ 116/1300] 1p1n/chrg_pos_1 ...
      ok (wallclock=3.8s)
  [ 117/1300] 1p1n/chrg_pos_2 ...
      ok (wallclock=4.6s)
  [ 118/1300] 1p1n/chrg_pos_3 ...
      ok (wallclock=6.0s)
  [ 119/1300] 1p1n/wt ...
      ok (wallclock=3.4s)
  [ 120/1300] 1p1q/chrg_neu_ethyl ...
      ok (wallclock=4.5s)
  [ 121/1300] 1p1q/chrg_neu_methyl ...
      ok (wallclock=4.3s)
  [ 122/1300] 1p1q/chrg_neu_propyl ...
      ok (wallclock=6.0s)
  [ 123/1300] 1p1q/chrg_pos_1 ...
      ok (wallclock=3.8s)
  [ 124/1300] 1p1q/chrg_pos_2 ...
      ok (wallclock=4.6s)
  [ 125/1300] 1p1q/chrg_pos_3 ...
      ok (wallclock=6.1s)
  [ 126/1300] 1p1q/wt ...
      ok (wallclock=3.5s)
  [ 127/1300] 1ps3/meth_1 ...
      ok (wallclock=3.8s)
  [ 128/1300] 1ps3/meth_2 ...
      ok (wallclock=4.1s)
  [ 129/1300] 1ps3/meth_3 ...
      ok (wallclock=4.2s)
  [ 130/1300] 1ps3/meth_4 ...
      ok (wallclock=4.2s)
  [ 131/1300] 1ps3/wt ...
      ok (wallclock=3.8s)
  [ 132/1300] 1pxn/halo_Br_1 ...
      ok (wallclock=4.3s)
  [ 133/1300] 1pxn/halo_Cl_1 ...
      ok (wallclock=4.3s)
  [ 134/1300] 1pxn/halo_F_1 ...
      ok (wallclock=4.4s)
  [ 135/1300] 1pxn/wt ...
      ok (wallclock=4.1s)
  [ 136/1300] 1q8t/halo_Br_1 ...
      ok (wallclock=3.9s)
  [ 137/1300] 1q8t/halo_Cl_1 ...
      ok (wallclock=4.0s)
  [ 138/1300] 1q8t/halo_F_1 ...
      ok (wallclock=4.0s)
  [ 139/1300] 1q8t/wt ...
      ok (wallclock=3.8s)
  [ 140/1300] 1q8u/halo_Br_1 ...
      ok (wallclock=4.2s)
  [ 141/1300] 1q8u/halo_Cl_1 ...
      ok (wallclock=4.2s)
  [ 142/1300] 1q8u/halo_F_1 ...
      ok (wallclock=4.2s)
  [ 143/1300] 1q8u/wt ...
      ok (wallclock=4.1s)
  [ 144/1300] 1qf1/chrg_neu_ethyl ...
      ok (wallclock=8.2s)
  [ 145/1300] 1qf1/chrg_neu_methyl ...
      ok (wallclock=7.8s)
  [ 146/1300] 1qf1/chrg_neu_propyl ...
      ok (wallclock=10.2s)
  [ 147/1300] 1qf1/chrg_pos_1 ...
      ok (wallclock=6.8s)
  [ 148/1300] 1qf1/chrg_pos_2 ...
      ok (wallclock=8.4s)
  [ 149/1300] 1qf1/chrg_pos_3 ...
      ok (wallclock=10.5s)
  [ 150/1300] 1qf1/halo_Br_1 ...
      ok (wallclock=6.8s)
  [ 151/1300] 1qf1/halo_Cl_1 ...
      ok (wallclock=6.5s)
  [ 152/1300] 1qf1/halo_F_1 ...
      ok (wallclock=6.6s)
  [ 153/1300] 1qf1/wt ...
      ok (wallclock=6.5s)
  [ 154/1300] 1qkt/halo_Br_1 ...
      ok (wallclock=3.4s)
  [ 155/1300] 1qkt/halo_Cl_1 ...
      ok (wallclock=3.4s)
  [ 156/1300] 1qkt/halo_F_1 ...
      ok (wallclock=3.4s)
  [ 157/1300] 1qkt/meth_1 ...
      ok (wallclock=3.4s)
  [ 158/1300] 1qkt/wt ...
      ok (wallclock=3.0s)
  [ 159/1300] 1r5y/halo_Br_1 ...
      ok (wallclock=3.2s)
  [ 160/1300] 1r5y/halo_Cl_1 ...
      ok (wallclock=3.3s)
  [ 161/1300] 1r5y/halo_F_1 ...
      ok (wallclock=3.3s)
  [ 162/1300] 1r5y/wt ...
      ok (wallclock=3.2s)
  [ 163/1300] 1s38/halo_Br_1 ...
      ok (wallclock=3.2s)
  [ 164/1300] 1s38/halo_Cl_1 ...
      ok (wallclock=3.2s)
  [ 165/1300] 1s38/halo_F_1 ...
      ok (wallclock=3.2s)
  [ 166/1300] 1s38/wt ...
      ok (wallclock=3.2s)
  [ 167/1300] 1sqa/halo_Br_1 ...
      ok (wallclock=5.9s)
  [ 168/1300] 1sqa/halo_Cl_1 ...
      ok (wallclock=6.0s)
  [ 169/1300] 1sqa/halo_F_1 ...
      ok (wallclock=5.9s)
  [ 170/1300] 1sqa/wt ...
      ok (wallclock=5.7s)
  [ 171/1300] 1syi/chrg_neu_ethyl ...
      ok (wallclock=5.1s)
  [ 172/1300] 1syi/chrg_neu_methyl ...
      ok (wallclock=4.7s)
  [ 173/1300] 1syi/chrg_neu_propyl ...
      ok (wallclock=6.6s)
  [ 174/1300] 1syi/chrg_pos_1 ...
      ok (wallclock=4.1s)
  [ 175/1300] 1syi/chrg_pos_2 ...
      ok (wallclock=5.2s)
  [ 176/1300] 1syi/chrg_pos_3 ...
      ok (wallclock=6.6s)
  [ 177/1300] 1syi/wt ...
      ok (wallclock=3.8s)
  [ 178/1300] 1u1b/chrg_neu_ethyl ...
      ok (wallclock=6.5s)
  [ 179/1300] 1u1b/chrg_neu_methyl ...
      ok (wallclock=6.1s)
  [ 180/1300] 1u1b/chrg_neu_propyl ...
      ok (wallclock=7.9s)
  [ 181/1300] 1u1b/chrg_pos_1 ...
      ok (wallclock=5.2s)
  [ 182/1300] 1u1b/chrg_pos_2 ...
      ok (wallclock=6.8s)
  [ 183/1300] 1u1b/chrg_pos_3 ...
      ok (wallclock=8.1s)
  [ 184/1300] 1u1b/halo_Br_1 ...
      ok (wallclock=20.2s)
  [ 185/1300] 1u1b/halo_Cl_1 ...
      ok (wallclock=19.6s)
  [ 186/1300] 1u1b/halo_F_1 ...
      ok (wallclock=19.5s)
  [ 187/1300] 1u1b/meth_1 ...
      ok (wallclock=19.9s)
  [ 188/1300] 1u1b/wt ...
      ok (wallclock=18.8s)
  [ 189/1300] 1uto/halo_Br_1 ...
      ok (wallclock=2.9s)
  [ 190/1300] 1uto/halo_Cl_1 ...
      ok (wallclock=2.9s)
  [ 191/1300] 1uto/halo_F_1 ...
      ok (wallclock=3.0s)
  [ 192/1300] 1uto/wt ...
      ok (wallclock=2.8s)
  [ 193/1300] 1vso/chrg_neu_ethyl ...
      ok (wallclock=6.4s)
  [ 194/1300] 1vso/chrg_neu_methyl ...
      ok (wallclock=6.0s)
  [ 195/1300] 1vso/chrg_neu_propyl ...
      ok (wallclock=8.0s)
  [ 196/1300] 1vso/chrg_pos_1 ...
      ok (wallclock=5.6s)
  [ 197/1300] 1vso/chrg_pos_2 ...
      ok (wallclock=6.5s)
  [ 198/1300] 1vso/chrg_pos_3 ...
      ok (wallclock=8.3s)
  [ 199/1300] 1vso/wt ...
      ok (wallclock=5.0s)
  [ 200/1300] 1w4o/chrg_neu_ethyl ...
      ok (wallclock=5.1s)
  [ 201/1300] 1w4o/chrg_neu_methyl ...
      ok (wallclock=4.9s)
  [ 202/1300] 1w4o/chrg_neu_propyl ...
      ok (wallclock=6.3s)
  [ 203/1300] 1w4o/chrg_pos_1 ...
      ok (wallclock=4.0s)
  [ 204/1300] 1w4o/chrg_pos_2 ...
      ok (wallclock=4.9s)
  [ 205/1300] 1w4o/chrg_pos_3 ...
      ok (wallclock=6.2s)
  [ 206/1300] 1w4o/halo_Br_1 ...
      ok (wallclock=4.1s)
  [ 207/1300] 1w4o/halo_Cl_1 ...
      ok (wallclock=4.0s)
  [ 208/1300] 1w4o/halo_F_1 ...
      ok (wallclock=4.1s)
  [ 209/1300] 1w4o/meth_1 ...
      ok (wallclock=4.2s)
  [ 210/1300] 1w4o/meth_2 ...
      ok (wallclock=4.6s)
  [ 211/1300] 1w4o/wt ...
      ok (wallclock=4.0s)
  [ 212/1300] 1y6r/halo_Br_1 ...
      ok (wallclock=4.6s)
  [ 213/1300] 1y6r/halo_Cl_1 ...
      ok (wallclock=4.5s)
  [ 214/1300] 1y6r/halo_F_1 ...
      ok (wallclock=4.7s)
  [ 215/1300] 1y6r/meth_1 ...
      ok (wallclock=5.2s)
  [ 216/1300] 1y6r/meth_2 ...
      ok (wallclock=4.9s)
  [ 217/1300] 1y6r/wt ...
      ok (wallclock=4.9s)
  [ 218/1300] 1yc1/halo_Br_1 ...
      ok (wallclock=5.3s)
  [ 219/1300] 1yc1/halo_Cl_1 ...
      ok (wallclock=5.2s)
  [ 220/1300] 1yc1/halo_F_1 ...
      ok (wallclock=6.7s)
  [ 221/1300] 1yc1/wt ...
      ok (wallclock=4.8s)
  [ 222/1300] 1ydr/halo_Br_1 ...
      ok (wallclock=4.0s)
  [ 223/1300] 1ydr/halo_Cl_1 ...
      ok (wallclock=4.0s)
  [ 224/1300] 1ydr/halo_F_1 ...
      ok (wallclock=4.0s)
  [ 225/1300] 1ydr/wt ...
      ok (wallclock=3.8s)
  [ 226/1300] 1ydt/halo_Br_1 ...
      ok (wallclock=5.9s)
  [ 227/1300] 1ydt/halo_Cl_1 ...
      ok (wallclock=6.0s)
  [ 228/1300] 1ydt/halo_F_1 ...
      ok (wallclock=6.0s)
  [ 229/1300] 1ydt/wt ...
      ok (wallclock=5.8s)
  [ 230/1300] 1z6e/halo_Br_1 ...
      ok (wallclock=7.9s)
  [ 231/1300] 1z6e/halo_Cl_1 ...
      ok (wallclock=7.8s)
  [ 232/1300] 1z6e/halo_F_1 ...
      ok (wallclock=7.8s)
  [ 233/1300] 1z6e/wt ...
      ok (wallclock=7.6s)
  [ 234/1300] 1z95/halo_Br_1 ...
      ok (wallclock=8.1s)
  [ 235/1300] 1z95/halo_Cl_1 ...
      ok (wallclock=8.4s)
  [ 236/1300] 1z95/halo_F_1 ...
      ok (wallclock=7.2s)
  [ 237/1300] 1z95/meth_1 ...
      ok (wallclock=6.8s)
  [ 238/1300] 1z95/wt ...
      ok (wallclock=7.7s)
  [ 239/1300] 1z9g/chrg_neu_ethyl ...
      ok (wallclock=5.0s)
  [ 240/1300] 1z9g/chrg_neu_methyl ...
      ok (wallclock=4.9s)
  [ 241/1300] 1z9g/chrg_neu_propyl ...
      ok (wallclock=6.6s)
  [ 242/1300] 1z9g/chrg_pos_1 ...
      ok (wallclock=4.3s)
  [ 243/1300] 1z9g/chrg_pos_2 ...
      ok (wallclock=5.1s)
  [ 244/1300] 1z9g/chrg_pos_3 ...
      ok (wallclock=7.0s)
  [ 245/1300] 1z9g/halo_Br_1 ...
      ok (wallclock=4.2s)
  [ 246/1300] 1z9g/halo_Cl_1 ...
      ok (wallclock=4.1s)
  [ 247/1300] 1z9g/halo_F_1 ...
      ok (wallclock=4.3s)
  [ 248/1300] 1z9g/wt ...
      ok (wallclock=4.0s)
  [ 249/1300] 2al5/chrg_neu_ethyl ...
      ok (wallclock=4.8s)
  [ 250/1300] 2al5/chrg_neu_methyl ...
      ok (wallclock=4.4s)
  [ 251/1300] 2al5/chrg_neu_propyl ...
      ok (wallclock=5.8s)
  [ 252/1300] 2al5/chrg_pos_1 ...
      ok (wallclock=3.7s)
  [ 253/1300] 2al5/chrg_pos_2 ...
      ok (wallclock=4.6s)
  [ 254/1300] 2al5/chrg_pos_3 ...
      ok (wallclock=5.8s)
  [ 255/1300] 2al5/halo_Br_1 ...
      ok (wallclock=3.8s)
  [ 256/1300] 2al5/halo_Cl_1 ...
      ok (wallclock=3.8s)
  [ 257/1300] 2al5/halo_F_1 ...
      ok (wallclock=3.6s)
  [ 258/1300] 2al5/wt ...
      ok (wallclock=3.6s)
  [ 259/1300] 2br1/halo_Br_1 ...
      ok (wallclock=5.6s)
  [ 260/1300] 2br1/halo_Cl_1 ...
      ok (wallclock=5.7s)
  [ 261/1300] 2br1/halo_F_1 ...
      ok (wallclock=6.0s)
  [ 262/1300] 2br1/meth_1 ...
      ok (wallclock=5.7s)
  [ 263/1300] 2br1/wt ...
      ok (wallclock=5.3s)
  [ 264/1300] 2brb/halo_Br_1 ...
      ok (wallclock=4.7s)
  [ 265/1300] 2brb/halo_Cl_1 ...
      ok (wallclock=4.6s)
  [ 266/1300] 2brb/halo_F_1 ...
      ok (wallclock=4.7s)
  [ 267/1300] 2brb/meth_1 ...
      ok (wallclock=4.5s)
  [ 268/1300] 2brb/wt ...
      ok (wallclock=4.6s)
  [ 269/1300] 2c3i/halo_Br_1 ...
      ok (wallclock=4.5s)
  [ 270/1300] 2c3i/halo_Cl_1 ...
      ok (wallclock=4.5s)
  [ 271/1300] 2c3i/halo_F_1 ...
      ok (wallclock=4.5s)
  [ 272/1300] 2c3i/wt ...
      ok (wallclock=4.4s)
  [ 273/1300] 2cbv/meth_1 ...
      ok (wallclock=3.3s)
  [ 274/1300] 2cbv/meth_2 ...
      ok (wallclock=3.3s)
  [ 275/1300] 2cbv/meth_3 ...
      ok (wallclock=3.4s)
  [ 276/1300] 2cbv/meth_4 ...
      ok (wallclock=3.4s)
  [ 277/1300] 2cbv/wt ...
      ok (wallclock=3.1s)
  [ 278/1300] 2cet/halo_Br_1 ...
      ok (wallclock=4.6s)
  [ 279/1300] 2cet/halo_Cl_1 ...
      ok (wallclock=4.7s)
  [ 280/1300] 2cet/halo_F_1 ...
      ok (wallclock=4.6s)
  [ 281/1300] 2cet/meth_1 ...
      ok (wallclock=4.6s)
  [ 282/1300] 2cet/meth_2 ...
      ok (wallclock=4.8s)
  [ 283/1300] 2cet/meth_3 ...
      ok (wallclock=5.2s)
  [ 284/1300] 2cet/meth_4 ...
      ok (wallclock=5.2s)
  [ 285/1300] 2cet/wt ...
      ok (wallclock=4.3s)
  [ 286/1300] 2fvd/halo_Br_1 ...
      ok (wallclock=5.9s)
  [ 287/1300] 2fvd/halo_Cl_1 ...
      ok (wallclock=5.8s)
  [ 288/1300] 2fvd/halo_F_1 ...
      ok (wallclock=6.2s)
  [ 289/1300] 2fvd/wt ...
      ok (wallclock=5.7s)
  [ 290/1300] 2fxs/halo_Br_1 ...
      ok (wallclock=6.0s)
  [ 291/1300] 2fxs/halo_Cl_1 ...
      ok (wallclock=5.6s)
  [ 292/1300] 2fxs/halo_F_1 ...
      ok (wallclock=5.7s)
  [ 293/1300] 2fxs/wt ...
      ok (wallclock=5.5s)
  [ 294/1300] 2hb1/chrg_neu_ethyl ...
      ok (wallclock=4.2s)
  [ 295/1300] 2hb1/chrg_neu_methyl ...
      ok (wallclock=4.0s)
  [ 296/1300] 2hb1/chrg_neu_propyl ...
      ok (wallclock=5.1s)
  [ 297/1300] 2hb1/chrg_pos_1 ...
      ok (wallclock=3.6s)
  [ 298/1300] 2hb1/chrg_pos_2 ...
      ok (wallclock=4.2s)
  [ 299/1300] 2hb1/chrg_pos_3 ...
      ok (wallclock=5.2s)
  [ 300/1300] 2hb1/halo_Br_1 ...
      ok (wallclock=3.4s)
  [ 301/1300] 2hb1/halo_Cl_1 ...
      ok (wallclock=3.5s)
  [ 302/1300] 2hb1/halo_F_1 ...
      ok (wallclock=3.4s)
  [ 303/1300] 2hb1/wt ...
      ok (wallclock=3.3s)
  [ 304/1300] 2iwx/halo_Br_1 ...
      ok (wallclock=3.3s)
  [ 305/1300] 2iwx/halo_Cl_1 ...
      ok (wallclock=3.2s)
  [ 306/1300] 2iwx/halo_F_1 ...
      ok (wallclock=3.3s)
  [ 307/1300] 2iwx/wt ...
      ok (wallclock=3.2s)
  [ 308/1300] 2j78/meth_1 ...
      ok (wallclock=3.7s)
  [ 309/1300] 2j78/meth_2 ...
      ok (wallclock=3.8s)
  [ 310/1300] 2j78/meth_3 ...
      ok (wallclock=3.9s)
  [ 311/1300] 2j78/meth_4 ...
      ok (wallclock=4.1s)
  [ 312/1300] 2j78/wt ...
      ok (wallclock=3.5s)
  [ 313/1300] 2j7h/meth_1 ...
      ok (wallclock=3.2s)
  [ 314/1300] 2j7h/meth_2 ...
      ok (wallclock=3.3s)
  [ 315/1300] 2j7h/meth_3 ...
      ok (wallclock=3.3s)
  [ 316/1300] 2j7h/wt ...
      ok (wallclock=3.0s)
  [ 317/1300] 2p4y/chrg_neu_ethyl ...
      ok (wallclock=11.6s)
  [ 318/1300] 2p4y/chrg_neu_methyl ...
      ok (wallclock=10.6s)
  [ 319/1300] 2p4y/chrg_neu_propyl ...
      ok (wallclock=14.4s)
  [ 320/1300] 2p4y/chrg_pos_1 ...
      ok (wallclock=9.4s)
  [ 321/1300] 2p4y/chrg_pos_2 ...
      ok (wallclock=11.4s)
  [ 322/1300] 2p4y/chrg_pos_3 ...
      ok (wallclock=14.4s)
  [ 323/1300] 2p4y/halo_Br_1 ...
      ok (wallclock=9.7s)
  [ 324/1300] 2p4y/halo_Cl_1 ...
      ok (wallclock=9.2s)
  [ 325/1300] 2p4y/halo_F_1 ...
      ok (wallclock=9.0s)
  [ 326/1300] 2p4y/wt ...
      ok (wallclock=9.0s)
  [ 327/1300] 2pog/halo_Br_1 ...
      ok (wallclock=4.2s)
  [ 328/1300] 2pog/halo_Cl_1 ...
      ok (wallclock=4.1s)
  [ 329/1300] 2pog/halo_F_1 ...
      ok (wallclock=4.0s)
  [ 330/1300] 2pog/wt ...
      ok (wallclock=3.9s)
  [ 331/1300] 2qbp/chrg_neu_ethyl ...
      ok (wallclock=11.5s)
  [ 332/1300] 2qbp/chrg_neu_methyl ...
      ok (wallclock=10.5s)
  [ 333/1300] 2qbp/chrg_neu_propyl ...
      ok (wallclock=14.8s)
  [ 334/1300] 2qbp/chrg_pos_1 ...
      ok (wallclock=9.2s)
  [ 335/1300] 2qbp/chrg_pos_2 ...
      ok (wallclock=11.7s)
  [ 336/1300] 2qbp/chrg_pos_3 ...
      ok (wallclock=15.2s)
  [ 337/1300] 2qbp/halo_Br_1 ...
      ok (wallclock=9.0s)
  [ 338/1300] 2qbp/halo_Cl_1 ...
      ok (wallclock=8.7s)
  [ 339/1300] 2qbp/halo_F_1 ...
      ok (wallclock=8.8s)
  [ 340/1300] 2qbp/wt ...
      ok (wallclock=8.2s)
  [ 341/1300] 2qbq/chrg_neu_ethyl ...
      ok (wallclock=8.5s)
  [ 342/1300] 2qbq/chrg_neu_methyl ...
      ok (wallclock=7.5s)
  [ 343/1300] 2qbq/chrg_neu_propyl ...
      ok (wallclock=10.3s)
  [ 344/1300] 2qbq/chrg_pos_1 ...
      ok (wallclock=6.9s)
  [ 345/1300] 2qbq/chrg_pos_2 ...
      ok (wallclock=8.3s)
  [ 346/1300] 2qbq/chrg_pos_3 ...
      ok (wallclock=10.4s)
  [ 347/1300] 2qbq/halo_Br_1 ...
      ok (wallclock=6.2s)
  [ 348/1300] 2qbq/halo_Cl_1 ...
      ok (wallclock=6.3s)
  [ 349/1300] 2qbq/halo_F_1 ...
      ok (wallclock=6.3s)
  [ 350/1300] 2qbq/wt ...
      ok (wallclock=5.9s)
  [ 351/1300] 2qbr/chrg_neu_ethyl ...
      ok (wallclock=8.0s)
  [ 352/1300] 2qbr/chrg_neu_methyl ...
      ok (wallclock=7.3s)
  [ 353/1300] 2qbr/chrg_neu_propyl ...
      ok (wallclock=9.8s)
  [ 354/1300] 2qbr/chrg_pos_1 ...
      ok (wallclock=6.5s)
  [ 355/1300] 2qbr/chrg_pos_2 ...
      ok (wallclock=7.8s)
  [ 356/1300] 2qbr/chrg_pos_3 ...
      ok (wallclock=10.1s)
  [ 357/1300] 2qbr/halo_Br_1 ...
      ok (wallclock=6.2s)
  [ 358/1300] 2qbr/halo_Cl_1 ...
      ok (wallclock=6.2s)
  [ 359/1300] 2qbr/halo_F_1 ...
      ok (wallclock=6.1s)
  [ 360/1300] 2qbr/wt ...
      ok (wallclock=5.8s)
  [ 361/1300] 2qe4/halo_Br_1 ...
      ok (wallclock=5.0s)
  [ 362/1300] 2qe4/halo_Cl_1 ...
      ok (wallclock=4.9s)
  [ 363/1300] 2qe4/halo_F_1 ...
      ok (wallclock=5.2s)
  [ 364/1300] 2qe4/wt ...
      ok (wallclock=4.8s)
  [ 365/1300] 2qnq/halo_Br_1 ...
      ok (wallclock=9.9s)
  [ 366/1300] 2qnq/halo_Cl_1 ...
      ok (wallclock=9.8s)
  [ 367/1300] 2qnq/halo_F_1 ...
      ok (wallclock=9.7s)
  [ 368/1300] 2qnq/wt ...
      ok (wallclock=9.3s)
  [ 369/1300] 2r9w/chrg_neu_ethyl ...
      ok (wallclock=6.7s)
  [ 370/1300] 2r9w/chrg_neu_methyl ...
      ok (wallclock=6.4s)
  [ 371/1300] 2r9w/chrg_neu_propyl ...
      ok (wallclock=8.3s)
  [ 372/1300] 2r9w/chrg_pos_1 ...
      ok (wallclock=5.4s)
  [ 373/1300] 2r9w/chrg_pos_2 ...
      ok (wallclock=6.8s)
  [ 374/1300] 2r9w/chrg_pos_3 ...
      ok (wallclock=8.4s)
  [ 375/1300] 2r9w/halo_Br_1 ...
      ok (wallclock=5.2s)
  [ 376/1300] 2r9w/halo_Cl_1 ...
      ok (wallclock=5.2s)
  [ 377/1300] 2r9w/halo_F_1 ...
      ok (wallclock=5.2s)
  [ 378/1300] 2r9w/wt ...
      ok (wallclock=4.9s)
  [ 379/1300] 2v00/halo_Br_1 ...
      ok (wallclock=3.6s)
  [ 380/1300] 2v00/halo_Cl_1 ...
      ok (wallclock=3.7s)
  [ 381/1300] 2v00/halo_F_1 ...
      ok (wallclock=3.6s)
  [ 382/1300] 2v00/wt ...
      ok (wallclock=3.5s)
  [ 383/1300] 2v7a/halo_Br_1 ...
      ok (wallclock=6.4s)
  [ 384/1300] 2v7a/halo_Cl_1 ...
      ok (wallclock=6.5s)
  [ 385/1300] 2v7a/halo_F_1 ...
      ok (wallclock=6.4s)
  [ 386/1300] 2v7a/wt ...
      ok (wallclock=5.9s)
  [ 387/1300] 2vkm/halo_Br_1 ...
      ok (wallclock=15.3s)
  [ 388/1300] 2vkm/halo_Cl_1 ...
      ok (wallclock=15.3s)
  [ 389/1300] 2vkm/halo_F_1 ...
      ok (wallclock=15.1s)
  [ 390/1300] 2vkm/meth_1 ...
      ok (wallclock=16.0s)
  [ 391/1300] 2vkm/wt ...
      ok (wallclock=15.5s)
  [ 392/1300] 2vw5/halo_Br_1 ...
      ok (wallclock=5.3s)
  [ 393/1300] 2vw5/halo_Cl_1 ...
      ok (wallclock=5.4s)
  [ 394/1300] 2vw5/halo_F_1 ...
      ok (wallclock=6.0s)
  [ 395/1300] 2vw5/meth_1 ...
      ok (wallclock=5.6s)
  [ 396/1300] 2vw5/wt ...
      ok (wallclock=5.6s)
  [ 397/1300] 2w4x/meth_1 ...
      ok (wallclock=4.0s)
  [ 398/1300] 2w4x/meth_2 ...
      ok (wallclock=4.2s)
  [ 399/1300] 2w4x/meth_3 ...
      ok (wallclock=4.3s)
  [ 400/1300] 2w4x/meth_4 ...
      ok (wallclock=4.6s)
  [ 401/1300] 2w4x/wt ...
      ok (wallclock=3.9s)
  [ 402/1300] 2w66/meth_1 ...
      ok (wallclock=3.8s)
  [ 403/1300] 2w66/meth_2 ...
      ok (wallclock=3.9s)
  [ 404/1300] 2w66/meth_3 ...
      ok (wallclock=4.2s)
  [ 405/1300] 2w66/meth_4 ...
      ok (wallclock=4.3s)
  [ 406/1300] 2w66/wt ...
      ok (wallclock=3.7s)
  [ 407/1300] 2wbg/meth_1 ...
      ok (wallclock=4.8s)
  [ 408/1300] 2wbg/meth_2 ...
      ok (wallclock=5.1s)
  [ 409/1300] 2wbg/meth_3 ...
      ok (wallclock=5.5s)
  [ 410/1300] 2wbg/meth_4 ...
      ok (wallclock=5.6s)
  [ 411/1300] 2wbg/wt ...
      ok (wallclock=4.6s)
  [ 412/1300] 2weg/halo_Br_1 ...
      ok (wallclock=3.2s)
  [ 413/1300] 2weg/halo_Cl_1 ...
      ok (wallclock=3.2s)
  [ 414/1300] 2weg/halo_F_1 ...
      ok (wallclock=3.1s)
  [ 415/1300] 2weg/wt ...
      ok (wallclock=3.0s)
  [ 416/1300] 2wer/halo_Br_1 ...
      ok (wallclock=3.4s)
  [ 417/1300] 2wer/halo_Cl_1 ...
      ok (wallclock=3.3s)
  [ 418/1300] 2wer/halo_F_1 ...
      ok (wallclock=3.4s)
  [ 419/1300] 2wer/wt ...
      ok (wallclock=3.3s)
  [ 420/1300] 2wn9/halo_Br_1 ...
      ok (wallclock=4.2s)
  [ 421/1300] 2wn9/halo_Cl_1 ...
      ok (wallclock=4.2s)
  [ 422/1300] 2wn9/halo_F_1 ...
      ok (wallclock=4.2s)
  [ 423/1300] 2wn9/wt ...
      ok (wallclock=4.0s)
  [ 424/1300] 2wnc/halo_Br_1 ...
      ok (wallclock=4.1s)
  [ 425/1300] 2wnc/halo_Cl_1 ...
      ok (wallclock=4.0s)
  [ 426/1300] 2wnc/halo_F_1 ...
      ok (wallclock=4.0s)
  [ 427/1300] 2wnc/wt ...
      ok (wallclock=3.9s)
  [ 428/1300] 2wtv/halo_Br_1 ...
      ok (wallclock=5.9s)
  [ 429/1300] 2wtv/halo_Cl_1 ...
      ok (wallclock=5.5s)
  [ 430/1300] 2wtv/halo_F_1 ...
      ok (wallclock=5.6s)
  [ 431/1300] 2wtv/wt ...
      ok (wallclock=5.5s)
  [ 432/1300] 2wvt/meth_1 ...
      ok (wallclock=3.3s)
  [ 433/1300] 2wvt/meth_2 ...
      ok (wallclock=3.5s)
  [ 434/1300] 2wvt/meth_3 ...
      ok (wallclock=3.6s)
  [ 435/1300] 2wvt/meth_4 ...
      ok (wallclock=3.8s)
  [ 436/1300] 2wvt/meth_5 ...
      ok (wallclock=3.9s)
  [ 437/1300] 2wvt/wt ...
      ok (wallclock=3.6s)
  [ 438/1300] 2x00/meth_1 ...
      ok (wallclock=4.9s)
  [ 439/1300] 2x00/wt ...
      ok (wallclock=5.2s)
  [ 440/1300] 2xb8/chrg_neu_ethyl ...
      ok (wallclock=5.3s)
  [ 441/1300] 2xb8/chrg_neu_methyl ...
      ok (wallclock=5.3s)
  [ 442/1300] 2xb8/chrg_neu_propyl ...
      ok (wallclock=7.0s)
  [ 443/1300] 2xb8/chrg_pos_1 ...
      ok (wallclock=4.3s)
  [ 444/1300] 2xb8/chrg_pos_2 ...
      ok (wallclock=5.5s)
  [ 445/1300] 2xb8/chrg_pos_3 ...
      ok (wallclock=6.8s)
  [ 446/1300] 2xb8/halo_Br_1 ...
      ok (wallclock=4.1s)
  [ 447/1300] 2xb8/halo_Cl_1 ...
      ok (wallclock=4.2s)
  [ 448/1300] 2xb8/halo_F_1 ...
      ok (wallclock=4.1s)
  [ 449/1300] 2xb8/meth_1 ...
      ok (wallclock=4.1s)
  [ 450/1300] 2xb8/meth_2 ...
      ok (wallclock=4.4s)
  [ 451/1300] 2xb8/meth_3 ...
      ok (wallclock=4.6s)
  [ 452/1300] 2xb8/wt ...
      ok (wallclock=4.2s)
  [ 453/1300] 2xbv/halo_Br_1 ...
      ok (wallclock=7.4s)
  [ 454/1300] 2xbv/halo_Cl_1 ...
      ok (wallclock=7.3s)
  [ 455/1300] 2xbv/halo_F_1 ...
      ok (wallclock=7.3s)
  [ 456/1300] 2xbv/wt ...
      ok (wallclock=7.0s)
  [ 457/1300] 2xdl/halo_Br_1 ...
      ok (wallclock=3.6s)
  [ 458/1300] 2xdl/halo_Cl_1 ...
      ok (wallclock=3.6s)
  [ 459/1300] 2xdl/halo_F_1 ...
      ok (wallclock=3.6s)
  [ 460/1300] 2xdl/wt ...
      ok (wallclock=3.5s)
  [ 461/1300] 2xii/halo_Br_1 ...
      ok (wallclock=5.0s)
  [ 462/1300] 2xii/halo_Cl_1 ...
      ok (wallclock=5.0s)
  [ 463/1300] 2xii/halo_F_1 ...
      ok (wallclock=5.0s)
  [ 464/1300] 2xii/meth_1 ...
      ok (wallclock=5.0s)
  [ 465/1300] 2xii/meth_2 ...
      ok (wallclock=5.5s)
  [ 466/1300] 2xii/meth_3 ...
      ok (wallclock=5.6s)
  [ 467/1300] 2xii/wt ...
      ok (wallclock=4.8s)
  [ 468/1300] 2xj7/meth_1 ...
      ok (wallclock=3.6s)
  [ 469/1300] 2xj7/meth_2 ...
      ok (wallclock=3.9s)
  [ 470/1300] 2xj7/meth_3 ...
      ok (wallclock=3.8s)
  [ 471/1300] 2xj7/wt ...
      ok (wallclock=3.5s)
  [ 472/1300] 2xnb/halo_Br_1 ...
      ok (wallclock=4.7s)
  [ 473/1300] 2xnb/halo_Cl_1 ...
      ok (wallclock=4.8s)
  [ 474/1300] 2xnb/halo_F_1 ...
      ok (wallclock=4.8s)
  [ 475/1300] 2xnb/wt ...
      ok (wallclock=4.5s)
  [ 476/1300] 2xys/halo_Br_1 ...
      ok (wallclock=3.7s)
  [ 477/1300] 2xys/halo_Cl_1 ...
      ok (wallclock=3.7s)
  [ 478/1300] 2xys/halo_F_1 ...
      ok (wallclock=3.7s)
  [ 479/1300] 2xys/wt ...
      ok (wallclock=3.5s)
  [ 480/1300] 2y5h/halo_Br_1 ...
      ok (wallclock=6.0s)
  [ 481/1300] 2y5h/halo_Cl_1 ...
      ok (wallclock=6.2s)
  [ 482/1300] 2y5h/halo_F_1 ...
      ok (wallclock=6.1s)
  [ 483/1300] 2y5h/wt ...
      ok (wallclock=5.7s)
  [ 484/1300] 2yfe/halo_Br_1 ...
      ok (wallclock=4.9s)
  [ 485/1300] 2yfe/halo_Cl_1 ...
      ok (wallclock=4.9s)
  [ 486/1300] 2yfe/halo_F_1 ...
      ok (wallclock=4.8s)
  [ 487/1300] 2yfe/wt ...
      ok (wallclock=4.7s)
  [ 488/1300] 2yge/meth_1 ...
      ok (wallclock=5.9s)
  [ 489/1300] 2yge/wt ...
      ok (wallclock=5.8s)
  [ 490/1300] 2yki/halo_Br_1 ...
      ok (wallclock=6.1s)
  [ 491/1300] 2yki/halo_Cl_1 ...
      ok (wallclock=7.2s)
  [ 492/1300] 2yki/halo_F_1 ...
      ok (wallclock=5.9s)
  [ 493/1300] 2yki/wt ...
      ok (wallclock=6.8s)
  [ 494/1300] 2ymd/halo_Br_1 ...
      ok (wallclock=3.5s)
  [ 495/1300] 2ymd/halo_Cl_1 ...
      ok (wallclock=3.5s)
  [ 496/1300] 2ymd/halo_F_1 ...
      ok (wallclock=3.4s)
  [ 497/1300] 2ymd/wt ...
      ok (wallclock=3.3s)
  [ 498/1300] 2zb1/halo_Br_1 ...
      ok (wallclock=5.6s)
  [ 499/1300] 2zb1/halo_Cl_1 ...
      ok (wallclock=5.5s)
  [ 500/1300] 2zb1/halo_F_1 ...
      ok (wallclock=5.3s)
  [ 501/1300] 2zb1/wt ...
      ok (wallclock=4.9s)
  [ 502/1300] 2zcq/halo_Br_1 ...
      ok (wallclock=5.5s)
  [ 503/1300] 2zcq/halo_Cl_1 ...
      ok (wallclock=5.6s)
  [ 504/1300] 2zcq/halo_F_1 ...
      ok (wallclock=5.5s)
  [ 505/1300] 2zcq/wt ...
      ok (wallclock=5.2s)
  [ 506/1300] 3ag9/halo_Br_1 ...
      ok (wallclock=70.3s)
  [ 507/1300] 3ag9/halo_Cl_1 ...
      ok (wallclock=70.2s)
  [ 508/1300] 3ag9/halo_F_1 ...
      ok (wallclock=70.6s)
  [ 509/1300] 3ag9/meth_1 ...
      ok (wallclock=72.7s)
  [ 510/1300] 3ag9/meth_2 ...
      ok (wallclock=73.1s)
  [ 511/1300] 3ag9/wt ...
      ok (wallclock=66.7s)
  [ 512/1300] 3ao4/halo_Br_1 ...
      ok (wallclock=3.3s)
  [ 513/1300] 3ao4/halo_Cl_1 ...
      ok (wallclock=3.3s)
  [ 514/1300] 3ao4/halo_F_1 ...
      ok (wallclock=3.3s)
  [ 515/1300] 3ao4/wt ...
      ok (wallclock=3.3s)
  [ 516/1300] 3b1m/halo_Br_1 ...
      ok (wallclock=7.2s)
  [ 517/1300] 3b1m/halo_Cl_1 ...
      ok (wallclock=7.0s)
  [ 518/1300] 3b1m/halo_F_1 ...
      ok (wallclock=7.0s)
  [ 519/1300] 3b1m/wt ...
      ok (wallclock=6.9s)
  [ 520/1300] 3b27/halo_Br_1 ...
      ok (wallclock=3.4s)
  [ 521/1300] 3b27/halo_Cl_1 ...
      ok (wallclock=3.4s)
  [ 522/1300] 3b27/halo_F_1 ...
      ok (wallclock=3.4s)
  [ 523/1300] 3b27/wt ...
      ok (wallclock=3.4s)
  [ 524/1300] 3b5r/halo_Br_1 ...
      ok (wallclock=7.5s)
  [ 525/1300] 3b5r/halo_Cl_1 ...
      ok (wallclock=7.5s)
  [ 526/1300] 3b5r/halo_F_1 ...
      ok (wallclock=7.6s)
  [ 527/1300] 3b5r/meth_1 ...
      ok (wallclock=6.9s)
  [ 528/1300] 3b5r/wt ...
      ok (wallclock=7.4s)
  [ 529/1300] 3b68/halo_Br_1 ...
      ok (wallclock=7.3s)
  [ 530/1300] 3b68/halo_Cl_1 ...
      ok (wallclock=7.3s)
  [ 531/1300] 3b68/halo_F_1 ...
      ok (wallclock=7.0s)
  [ 532/1300] 3b68/meth_1 ...
      ok (wallclock=7.0s)
  [ 533/1300] 3b68/wt ...
      ok (wallclock=7.0s)
  [ 534/1300] 3bgz/halo_Br_1 ...
      ok (wallclock=4.8s)
  [ 535/1300] 3bgz/halo_Cl_1 ...
      ok (wallclock=4.6s)
  [ 536/1300] 3bgz/halo_F_1 ...
      ok (wallclock=4.8s)
  [ 537/1300] 3bgz/wt ...
      ok (wallclock=4.5s)
  [ 538/1300] 3cj4/chrg_neu_ethyl ...
      ok (wallclock=6.5s)
  [ 539/1300] 3cj4/chrg_neu_methyl ...
      ok (wallclock=5.9s)
  [ 540/1300] 3cj4/chrg_neu_propyl ...
      ok (wallclock=8.2s)
  [ 541/1300] 3cj4/chrg_pos_1 ...
      ok (wallclock=5.6s)
  [ 542/1300] 3cj4/chrg_pos_2 ...
      ok (wallclock=6.7s)
  [ 543/1300] 3cj4/chrg_pos_3 ...
      ok (wallclock=8.0s)
  [ 544/1300] 3cj4/halo_Br_1 ...
      ok (wallclock=4.9s)
  [ 545/1300] 3cj4/halo_Cl_1 ...
      ok (wallclock=5.0s)
  [ 546/1300] 3cj4/halo_F_1 ...
      ok (wallclock=5.1s)
  [ 547/1300] 3cj4/wt ...
      ok (wallclock=5.1s)
  [ 548/1300] 3coy/halo_Br_1 ...
      ok (wallclock=7.2s)
  [ 549/1300] 3coy/halo_Cl_1 ...
      ok (wallclock=7.1s)
  [ 550/1300] 3coy/halo_F_1 ...
      ok (wallclock=7.0s)
  [ 551/1300] 3coy/meth_1 ...
      ok (wallclock=7.3s)
  [ 552/1300] 3coy/meth_2 ...
      ok (wallclock=7.7s)
  [ 553/1300] 3coy/wt ...
      ok (wallclock=7.0s)
  [ 554/1300] 3coz/halo_Br_1 ...
      ok (wallclock=6.9s)
  [ 555/1300] 3coz/halo_Cl_1 ...
      ok (wallclock=6.7s)
  [ 556/1300] 3coz/halo_F_1 ...
      ok (wallclock=7.2s)
  [ 557/1300] 3coz/meth_1 ...
      ok (wallclock=6.9s)
  [ 558/1300] 3coz/meth_2 ...
      ok (wallclock=7.1s)
  [ 559/1300] 3coz/wt ...
      ok (wallclock=6.5s)
  [ 560/1300] 3d4z/halo_Br_1 ...
      ok (wallclock=4.0s)
  [ 561/1300] 3d4z/halo_Cl_1 ...
      ok (wallclock=3.8s)
  [ 562/1300] 3d4z/halo_F_1 ...
      ok (wallclock=4.0s)
  [ 563/1300] 3d4z/meth_1 ...
      ok (wallclock=4.0s)
  [ 564/1300] 3d4z/meth_2 ...
      ok (wallclock=4.1s)
  [ 565/1300] 3d4z/meth_3 ...
      ok (wallclock=4.1s)
  [ 566/1300] 3d4z/meth_4 ...
      ok (wallclock=4.2s)
  [ 567/1300] 3d4z/wt ...
      ok (wallclock=3.7s)
  [ 568/1300] 3d6q/halo_Br_1 ...
      ok (wallclock=4.0s)
  [ 569/1300] 3d6q/halo_Cl_1 ...
      ok (wallclock=4.0s)
  [ 570/1300] 3d6q/halo_F_1 ...
      ok (wallclock=4.0s)
  [ 571/1300] 3d6q/meth_1 ...
      ok (wallclock=4.0s)
  [ 572/1300] 3d6q/meth_2 ...
      ok (wallclock=4.3s)
  [ 573/1300] 3d6q/wt ...
      ok (wallclock=4.0s)
  [ 574/1300] 3dd0/halo_Br_1 ...
      ok (wallclock=3.6s)
  [ 575/1300] 3dd0/halo_Cl_1 ...
      ok (wallclock=3.6s)
  [ 576/1300] 3dd0/halo_F_1 ...
      ok (wallclock=3.7s)
  [ 577/1300] 3dd0/wt ...
      ok (wallclock=3.5s)
  [ 578/1300] 3dx1/meth_1 ...
      ok (wallclock=3.7s)
  [ 579/1300] 3dx1/meth_2 ...
      ok (wallclock=3.7s)
  [ 580/1300] 3dx1/meth_3 ...
      ok (wallclock=3.7s)
  [ 581/1300] 3dx1/wt ...
      ok (wallclock=3.5s)
  [ 582/1300] 3dx2/meth_1 ...
      ok (wallclock=4.0s)
  [ 583/1300] 3dx2/meth_2 ...
      ok (wallclock=3.9s)
  [ 584/1300] 3dx2/meth_3 ...
      ok (wallclock=4.3s)
  [ 585/1300] 3dx2/wt ...
      ok (wallclock=3.7s)
  [ 586/1300] 3e5a/halo_Br_1 ...
      ok (wallclock=6.7s)
  [ 587/1300] 3e5a/halo_Cl_1 ...
      ok (wallclock=6.6s)
  [ 588/1300] 3e5a/halo_F_1 ...
      ok (wallclock=6.9s)
  [ 589/1300] 3e5a/wt ...
      ok (wallclock=6.4s)
  [ 590/1300] 3e92/halo_Br_1 ...
      ok (wallclock=5.5s)
  [ 591/1300] 3e92/halo_Cl_1 ...
      ok (wallclock=5.5s)
  [ 592/1300] 3e92/halo_F_1 ...
      ok (wallclock=5.6s)
  [ 593/1300] 3e92/wt ...
      ok (wallclock=5.4s)
  [ 594/1300] 3e93/halo_Br_1 ...
      ok (wallclock=8.1s)
  [ 595/1300] 3e93/halo_Cl_1 ...
      ok (wallclock=6.5s)
  [ 596/1300] 3e93/halo_F_1 ...
      ok (wallclock=7.7s)
  [ 597/1300] 3e93/wt ...
      ok (wallclock=7.6s)
  [ 598/1300] 3ebp/halo_Br_1 ...
      ok (wallclock=5.7s)
  [ 599/1300] 3ebp/halo_Cl_1 ...
      ok (wallclock=5.2s)
  [ 600/1300] 3ebp/halo_F_1 ...
      ok (wallclock=5.1s)
  [ 601/1300] 3ebp/meth_1 ...
      ok (wallclock=5.3s)
  [ 602/1300] 3ebp/wt ...
      ok (wallclock=5.0s)
  [ 603/1300] 3ehy/chrg_neu_ethyl ...
      ok (wallclock=5.1s)
  [ 604/1300] 3ehy/chrg_neu_methyl ...
      ok (wallclock=4.7s)
  [ 605/1300] 3ehy/chrg_neu_propyl ...
      ok (wallclock=5.9s)
  [ 606/1300] 3ehy/chrg_pos_1 ...
      ok (wallclock=4.0s)
  [ 607/1300] 3ehy/chrg_pos_2 ...
      ok (wallclock=5.0s)
  [ 608/1300] 3ehy/chrg_pos_3 ...
      ok (wallclock=6.0s)
  [ 609/1300] 3ehy/halo_Br_1 ...
      ok (wallclock=4.1s)
  [ 610/1300] 3ehy/halo_Cl_1 ...
      ok (wallclock=4.0s)
  [ 611/1300] 3ehy/halo_F_1 ...
      ok (wallclock=3.9s)
  [ 612/1300] 3ehy/wt ...
      ok (wallclock=3.9s)
  [ 613/1300] 3ejr/halo_Br_1 ...
      ok (wallclock=5.5s)
  [ 614/1300] 3ejr/halo_Cl_1 ...
      ok (wallclock=5.4s)
  [ 615/1300] 3ejr/halo_F_1 ...
      ok (wallclock=5.8s)
  [ 616/1300] 3ejr/meth_1 ...
      ok (wallclock=5.5s)
  [ 617/1300] 3ejr/meth_2 ...
      ok (wallclock=5.6s)
  [ 618/1300] 3ejr/meth_3 ...
      ok (wallclock=6.0s)
  [ 619/1300] 3ejr/wt ...
      ok (wallclock=5.3s)
  [ 620/1300] 3f3c/chrg_neu_ethyl ...
      ok (wallclock=4.9s)
  [ 621/1300] 3f3c/chrg_neu_methyl ...
      ok (wallclock=4.4s)
  [ 622/1300] 3f3c/chrg_neu_propyl ...
      ok (wallclock=5.7s)
  [ 623/1300] 3f3c/chrg_pos_1 ...
      ok (wallclock=3.9s)
  [ 624/1300] 3f3c/chrg_pos_2 ...
      ok (wallclock=5.0s)
  [ 625/1300] 3f3c/chrg_pos_3 ...
      ok (wallclock=6.0s)
  [ 626/1300] 3f3c/halo_Br_1 ...
      ok (wallclock=4.0s)
  [ 627/1300] 3f3c/halo_Cl_1 ...
      ok (wallclock=4.0s)
  [ 628/1300] 3f3c/halo_F_1 ...
      ok (wallclock=4.0s)
  [ 629/1300] 3f3c/wt ...
      ok (wallclock=3.8s)
  [ 630/1300] 3f3d/wt ...
      ok (wallclock=3.4s)
  [ 631/1300] 3f3e/wt ...
      ok (wallclock=3.3s)
  [ 632/1300] 3fcq/halo_Br_1 ...
      ok (wallclock=3.4s)
  [ 633/1300] 3fcq/halo_Cl_1 ...
      ok (wallclock=3.4s)
  [ 634/1300] 3fcq/halo_F_1 ...
      ok (wallclock=3.4s)
  [ 635/1300] 3fcq/wt ...
      ok (wallclock=3.4s)
  [ 636/1300] 3fur/halo_Br_1 ...
      ok (wallclock=5.9s)
  [ 637/1300] 3fur/halo_Cl_1 ...
      ok (wallclock=6.3s)
  [ 638/1300] 3fur/halo_F_1 ...
      ok (wallclock=5.7s)
  [ 639/1300] 3fur/wt ...
      ok (wallclock=5.5s)
  [ 640/1300] 3fv1/chrg_neu_ethyl ...
      ok (wallclock=6.9s)
  [ 641/1300] 3fv1/chrg_neu_methyl ...
      ok (wallclock=6.0s)
  [ 642/1300] 3fv1/chrg_neu_propyl ...
      ok (wallclock=7.4s)
  [ 643/1300] 3fv1/chrg_pos_1 ...
      ok (wallclock=5.6s)
  [ 644/1300] 3fv1/chrg_pos_2 ...
      ok (wallclock=7.6s)
  [ 645/1300] 3fv1/chrg_pos_3 ...
      ok (wallclock=9.5s)
  [ 646/1300] 3fv1/meth_1 ...
      ok (wallclock=5.3s)
  [ 647/1300] 3fv1/wt ...
      ok (wallclock=4.3s)
  [ 648/1300] 3fv2/chrg_neu_ethyl ...
      ok (wallclock=6.9s)
  [ 649/1300] 3fv2/chrg_neu_methyl ...
      ok (wallclock=5.8s)
  [ 650/1300] 3fv2/chrg_neu_propyl ...
      ok (wallclock=7.7s)
  [ 651/1300] 3fv2/chrg_pos_1 ...
      ok (wallclock=5.1s)
  [ 652/1300] 3fv2/chrg_pos_2 ...
      ok (wallclock=6.2s)
  [ 653/1300] 3fv2/chrg_pos_3 ...
      ok (wallclock=7.3s)
  [ 654/1300] 3fv2/meth_1 ...
      ok (wallclock=4.9s)
  [ 655/1300] 3fv2/meth_2 ...
      ok (wallclock=5.0s)
  [ 656/1300] 3fv2/wt ...
      ok (wallclock=4.3s)
  [ 657/1300] 3g0w/halo_Br_1 ...
      ok (wallclock=6.2s)
  [ 658/1300] 3g0w/halo_Cl_1 ...
      ok (wallclock=6.2s)
  [ 659/1300] 3g0w/halo_F_1 ...
      ok (wallclock=6.2s)
  [ 660/1300] 3g0w/meth_1 ...
      ok (wallclock=5.4s)
  [ 661/1300] 3g0w/wt ...
      ok (wallclock=5.6s)
  [ 662/1300] 3g2n/halo_Br_1 ...
      ok (wallclock=4.6s)
  [ 663/1300] 3g2n/halo_Cl_1 ...
      ok (wallclock=4.8s)
  [ 664/1300] 3g2n/halo_F_1 ...
      ok (wallclock=4.8s)
  [ 665/1300] 3g2n/meth_1 ...
      ok (wallclock=4.6s)
  [ 666/1300] 3g2n/meth_2 ...
      ok (wallclock=4.9s)
  [ 667/1300] 3g2n/meth_3 ...
      ok (wallclock=4.9s)
  [ 668/1300] 3g2n/meth_4 ...
      ok (wallclock=4.9s)
  [ 669/1300] 3g2n/wt ...
      ok (wallclock=4.3s)
  [ 670/1300] 3g2z/wt ...
      ok (wallclock=3.2s)
  [ 671/1300] 3g31/chrg_neu_ethyl ...
      ok (wallclock=4.2s)
  [ 672/1300] 3g31/chrg_neu_methyl ...
      ok (wallclock=3.9s)
  [ 673/1300] 3g31/chrg_neu_propyl ...
      ok (wallclock=5.0s)
  [ 674/1300] 3g31/chrg_pos_1 ...
      ok (wallclock=3.2s)
  [ 675/1300] 3g31/chrg_pos_2 ...
      ok (wallclock=4.4s)
  [ 676/1300] 3g31/chrg_pos_3 ...
      ok (wallclock=4.9s)
  [ 677/1300] 3g31/wt ...
      ok (wallclock=3.1s)
  [ 678/1300] 3gbb/chrg_neu_ethyl ...
      ok (wallclock=5.6s)
  [ 679/1300] 3gbb/chrg_neu_methyl ...
      ok (wallclock=4.9s)
  [ 680/1300] 3gbb/chrg_neu_propyl ...
      ok (wallclock=7.2s)
  [ 681/1300] 3gbb/chrg_pos_1 ...
      ok (wallclock=4.5s)
  [ 682/1300] 3gbb/chrg_pos_2 ...
      ok (wallclock=6.5s)
  [ 683/1300] 3gbb/chrg_pos_3 ...
      ok (wallclock=7.7s)
  [ 684/1300] 3gbb/wt ...
      ok (wallclock=3.8s)
  [ 685/1300] 3gc5/halo_Br_1 ...
      ok (wallclock=4.3s)
  [ 686/1300] 3gc5/halo_Cl_1 ...
      ok (wallclock=4.1s)
  [ 687/1300] 3gc5/halo_F_1 ...
      ok (wallclock=4.2s)
  [ 688/1300] 3gc5/wt ...
      ok (wallclock=4.4s)
  [ 689/1300] 3ge7/halo_Br_1 ...
      ok (wallclock=5.4s)
  [ 690/1300] 3ge7/halo_Cl_1 ...
      ok (wallclock=5.3s)
  [ 691/1300] 3ge7/halo_F_1 ...
      ok (wallclock=5.5s)
  [ 692/1300] 3ge7/wt ...
      ok (wallclock=5.3s)
  [ 693/1300] 3gnw/halo_Br_1 ...
      ok (wallclock=8.9s)
  [ 694/1300] 3gnw/halo_Cl_1 ...
      ok (wallclock=9.3s)
  [ 695/1300] 3gnw/halo_F_1 ...
      ok (wallclock=8.8s)
  [ 696/1300] 3gnw/wt ...
      ok (wallclock=8.5s)
  [ 697/1300] 3gr2/wt ...
      ok (wallclock=3.4s)
  [ 698/1300] 3gv9/halo_Br_1 ...
      ok (wallclock=3.4s)
  [ 699/1300] 3gv9/halo_Cl_1 ...
      ok (wallclock=3.5s)
  [ 700/1300] 3gv9/halo_F_1 ...
      ok (wallclock=3.8s)
  [ 701/1300] 3gv9/wt ...
      ok (wallclock=3.3s)
  [ 702/1300] 3gy4/halo_Br_1 ...
      ok (wallclock=3.0s)
  [ 703/1300] 3gy4/halo_Cl_1 ...
      ok (wallclock=3.3s)
  [ 704/1300] 3gy4/halo_F_1 ...
      ok (wallclock=3.0s)
  [ 705/1300] 3gy4/wt ...
      ok (wallclock=3.0s)
  [ 706/1300] 3ivg/chrg_neu_ethyl ...
      ok (wallclock=7.8s)
  [ 707/1300] 3ivg/chrg_neu_methyl ...
      ok (wallclock=8.6s)
  [ 708/1300] 3ivg/chrg_neu_propyl ...
      ok (wallclock=9.8s)
  [ 709/1300] 3ivg/chrg_pos_1 ...
      ok (wallclock=6.2s)
  [ 710/1300] 3ivg/chrg_pos_2 ...
      ok (wallclock=7.9s)
  [ 711/1300] 3ivg/chrg_pos_3 ...
      ok (wallclock=9.6s)
  [ 712/1300] 3ivg/halo_Br_1 ...
      ok (wallclock=5.9s)
  [ 713/1300] 3ivg/halo_Cl_1 ...
      ok (wallclock=6.1s)
  [ 714/1300] 3ivg/halo_F_1 ...
      ok (wallclock=6.2s)
  [ 715/1300] 3ivg/wt ...
      ok (wallclock=5.5s)
  [ 716/1300] 3jvr/halo_Br_1 ...
      ok (wallclock=4.4s)
  [ 717/1300] 3jvr/halo_Cl_1 ...
      ok (wallclock=4.1s)
  [ 718/1300] 3jvr/halo_F_1 ...
      ok (wallclock=4.3s)
  [ 719/1300] 3jvr/wt ...
      ok (wallclock=4.1s)
  [ 720/1300] 3jvs/halo_Br_1 ...
      ok (wallclock=5.4s)
  [ 721/1300] 3jvs/halo_Cl_1 ...
      ok (wallclock=4.9s)
  [ 722/1300] 3jvs/halo_F_1 ...
      ok (wallclock=5.0s)
  [ 723/1300] 3jvs/wt ...
      ok (wallclock=5.1s)
  [ 724/1300] 3jya/halo_Br_1 ...
      ok (wallclock=3.3s)
  [ 725/1300] 3jya/halo_Cl_1 ...
      ok (wallclock=3.2s)
  [ 726/1300] 3jya/halo_F_1 ...
      ok (wallclock=3.1s)
  [ 727/1300] 3jya/wt ...
      ok (wallclock=3.1s)
  [ 728/1300] 3k5v/halo_Br_1 ...
      ok (wallclock=5.4s)
  [ 729/1300] 3k5v/halo_Cl_1 ...
      ok (wallclock=5.2s)
  [ 730/1300] 3k5v/halo_F_1 ...
      ok (wallclock=5.1s)
  [ 731/1300] 3k5v/wt ...
      ok (wallclock=4.9s)
  [ 732/1300] 3kr8/halo_Br_1 ...
      ok (wallclock=4.8s)
  [ 733/1300] 3kr8/halo_Cl_1 ...
      ok (wallclock=5.3s)
  [ 734/1300] 3kr8/halo_F_1 ...
      ok (wallclock=4.9s)
  [ 735/1300] 3kr8/wt ...
      ok (wallclock=4.5s)
  [ 736/1300] 3kwa/wt ...
      ok (wallclock=4.4s)
  [ 737/1300] 3l7b/halo_Br_1 ...
      ok (wallclock=4.7s)
  [ 738/1300] 3l7b/halo_Cl_1 ...
      ok (wallclock=5.0s)
  [ 739/1300] 3l7b/halo_F_1 ...
      ok (wallclock=4.7s)
  [ 740/1300] 3l7b/meth_1 ...
      ok (wallclock=4.7s)
  [ 741/1300] 3l7b/meth_2 ...
      ok (wallclock=5.2s)
  [ 742/1300] 3l7b/meth_3 ...
      ok (wallclock=5.2s)
  [ 743/1300] 3l7b/wt ...
      ok (wallclock=4.4s)
  [ 744/1300] 3lka/halo_Br_1 ...
      ok (wallclock=3.2s)
  [ 745/1300] 3lka/halo_Cl_1 ...
      ok (wallclock=3.2s)
  [ 746/1300] 3lka/halo_F_1 ...
      ok (wallclock=3.2s)
  [ 747/1300] 3lka/wt ...
      ok (wallclock=3.1s)
  [ 748/1300] 3mss/halo_Br_1 ...
      ok (wallclock=4.5s)
  [ 749/1300] 3mss/halo_Cl_1 ...
      ok (wallclock=4.4s)
  [ 750/1300] 3mss/halo_F_1 ...
      ok (wallclock=4.3s)
  [ 751/1300] 3mss/wt ...
      ok (wallclock=4.5s)
  [ 752/1300] 3n76/chrg_neu_ethyl ...
      ok (wallclock=6.0s)
  [ 753/1300] 3n76/chrg_neu_methyl ...
      ok (wallclock=5.5s)
  [ 754/1300] 3n76/chrg_neu_propyl ...
      ok (wallclock=8.3s)
  [ 755/1300] 3n76/chrg_pos_1 ...
      ok (wallclock=5.2s)
  [ 756/1300] 3n76/chrg_pos_2 ...
      ok (wallclock=6.2s)
  [ 757/1300] 3n76/chrg_pos_3 ...
      ok (wallclock=8.1s)
  [ 758/1300] 3n76/halo_Br_1 ...
      ok (wallclock=4.5s)
  [ 759/1300] 3n76/halo_Cl_1 ...
      ok (wallclock=4.7s)
  [ 760/1300] 3n76/halo_F_1 ...
      ok (wallclock=4.4s)
  [ 761/1300] 3n76/meth_1 ...
      ok (wallclock=4.7s)
  [ 762/1300] 3n76/meth_2 ...
      ok (wallclock=5.0s)
  [ 763/1300] 3n76/meth_3 ...
      ok (wallclock=5.5s)
  [ 764/1300] 3n76/wt ...
      ok (wallclock=4.5s)
  [ 765/1300] 3n7a/chrg_neu_ethyl ...
      ok (wallclock=3.7s)
  [ 766/1300] 3n7a/chrg_neu_methyl ...
      ok (wallclock=3.5s)
  [ 767/1300] 3n7a/chrg_neu_propyl ...
      ok (wallclock=4.5s)
  [ 768/1300] 3n7a/chrg_pos_1 ...
      ok (wallclock=3.5s)
  [ 769/1300] 3n7a/chrg_pos_2 ...
      ok (wallclock=3.7s)
  [ 770/1300] 3n7a/chrg_pos_3 ...
      ok (wallclock=4.7s)
  [ 771/1300] 3n7a/meth_1 ...
      ok (wallclock=3.1s)
  [ 772/1300] 3n7a/meth_2 ...
      ok (wallclock=3.6s)
  [ 773/1300] 3n7a/meth_3 ...
      ok (wallclock=3.3s)
  [ 774/1300] 3n7a/wt ...
      ok (wallclock=3.1s)
  [ 775/1300] 3n86/chrg_neu_ethyl ...
      ok (wallclock=6.7s)
  [ 776/1300] 3n86/chrg_neu_methyl ...
      ok (wallclock=6.3s)
  [ 777/1300] 3n86/chrg_neu_propyl ...
      ok (wallclock=9.2s)
  [ 778/1300] 3n86/chrg_pos_1 ...
      ok (wallclock=5.6s)
  [ 779/1300] 3n86/chrg_pos_2 ...
      ok (wallclock=7.4s)
  [ 780/1300] 3n86/chrg_pos_3 ...
      ok (wallclock=9.0s)
  [ 781/1300] 3n86/halo_Br_1 ...
      ok (wallclock=5.1s)
  [ 782/1300] 3n86/halo_Cl_1 ...
      ok (wallclock=5.5s)
  [ 783/1300] 3n86/halo_F_1 ...
      ok (wallclock=5.3s)
  [ 784/1300] 3n86/meth_1 ...
      ok (wallclock=5.5s)
  [ 785/1300] 3n86/meth_2 ...
      ok (wallclock=5.3s)
  [ 786/1300] 3n86/wt ...
      ok (wallclock=5.7s)
  [ 787/1300] 3nq9/chrg_neu_ethyl ...
      ok (wallclock=4.0s)
  [ 788/1300] 3nq9/chrg_neu_methyl ...
      ok (wallclock=3.6s)
  [ 789/1300] 3nq9/chrg_neu_propyl ...
      ok (wallclock=4.9s)
  [ 790/1300] 3nq9/chrg_pos_1 ...
      ok (wallclock=3.5s)
  [ 791/1300] 3nq9/chrg_pos_2 ...
      ok (wallclock=3.7s)
  [ 792/1300] 3nq9/chrg_pos_3 ...
      ok (wallclock=4.7s)
  [ 793/1300] 3nq9/wt ...
      ok (wallclock=3.3s)
  [ 794/1300] 3nw9/halo_Br_1 ...
      ok (wallclock=8.7s)
  [ 795/1300] 3nw9/halo_Cl_1 ...
      ok (wallclock=8.6s)
  [ 796/1300] 3nw9/halo_F_1 ...
      ok (wallclock=8.3s)
  [ 797/1300] 3nw9/meth_1 ...
      ok (wallclock=8.5s)
  [ 798/1300] 3nw9/meth_2 ...
      ok (wallclock=9.0s)
  [ 799/1300] 3nw9/wt ...
      ok (wallclock=8.3s)
  [ 800/1300] 3nx7/halo_Br_1 ...
      ok (wallclock=4.6s)
  [ 801/1300] 3nx7/halo_Cl_1 ...
      ok (wallclock=4.6s)
  [ 802/1300] 3nx7/halo_F_1 ...
      ok (wallclock=4.8s)
  [ 803/1300] 3nx7/meth_1 ...
      ok (wallclock=4.8s)
  [ 804/1300] 3nx7/wt ...
      ok (wallclock=4.6s)
  [ 805/1300] 3oe4/halo_Br_1 ...
      ok (wallclock=7.3s)
  [ 806/1300] 3oe4/halo_Cl_1 ...
      ok (wallclock=7.1s)
  [ 807/1300] 3oe4/halo_F_1 ...
      ok (wallclock=7.3s)
  [ 808/1300] 3oe4/meth_1 ...
      ok (wallclock=7.5s)
  [ 809/1300] 3oe4/meth_2 ...
      ok (wallclock=8.1s)
  [ 810/1300] 3oe4/wt ...
      ok (wallclock=7.4s)
  [ 811/1300] 3oe5/halo_Br_1 ...
      ok (wallclock=7.0s)
  [ 812/1300] 3oe5/halo_Cl_1 ...
      ok (wallclock=7.0s)
  [ 813/1300] 3oe5/halo_F_1 ...
      ok (wallclock=6.8s)
  [ 814/1300] 3oe5/meth_1 ...
      ok (wallclock=7.3s)
  [ 815/1300] 3oe5/meth_2 ...
      ok (wallclock=7.5s)
  [ 816/1300] 3oe5/wt ...
      ok (wallclock=6.7s)
  [ 817/1300] 3ozs/halo_Br_1 ...
      ok (wallclock=7.6s)
  [ 818/1300] 3ozs/halo_Cl_1 ...
      ok (wallclock=7.3s)
  [ 819/1300] 3ozs/halo_F_1 ...
      ok (wallclock=7.4s)
  [ 820/1300] 3ozs/meth_1 ...
      ok (wallclock=8.0s)
  [ 821/1300] 3ozs/meth_2 ...
      ok (wallclock=7.8s)
  [ 822/1300] 3ozs/wt ...
      ok (wallclock=7.3s)
  [ 823/1300] 3ozt/halo_Br_1 ...
      ok (wallclock=6.4s)
  [ 824/1300] 3ozt/halo_Cl_1 ...
      ok (wallclock=6.3s)
  [ 825/1300] 3ozt/halo_F_1 ...
      ok (wallclock=6.1s)
  [ 826/1300] 3ozt/meth_1 ...
      ok (wallclock=6.9s)
  [ 827/1300] 3ozt/meth_2 ...
      ok (wallclock=7.1s)
  [ 828/1300] 3ozt/wt ...
      ok (wallclock=6.1s)
  [ 829/1300] 3p5o/halo_Br_1 ...
      ok (wallclock=5.5s)
  [ 830/1300] 3p5o/halo_Cl_1 ...
      ok (wallclock=5.3s)
  [ 831/1300] 3p5o/halo_F_1 ...
      ok (wallclock=5.4s)
  [ 832/1300] 3p5o/wt ...
      ok (wallclock=5.2s)
  [ 833/1300] 3pxf/halo_Br_1 ...
      ok (wallclock=4.3s)
  [ 834/1300] 3pxf/halo_Cl_1 ...
      ok (wallclock=4.0s)
  [ 835/1300] 3pxf/halo_F_1 ...
      ok (wallclock=3.9s)
  [ 836/1300] 3pxf/wt ...
      ok (wallclock=4.0s)
  [ 837/1300] 3pyy/halo_Br_1 ...
      ok (wallclock=4.4s)
  [ 838/1300] 3pyy/halo_Cl_1 ...
      ok (wallclock=4.7s)
  [ 839/1300] 3pyy/halo_F_1 ...
      ok (wallclock=4.6s)
  [ 840/1300] 3pyy/wt ...
      ok (wallclock=4.3s)
  [ 841/1300] 3qgy/halo_Br_1 ...
      ok (wallclock=5.5s)
  [ 842/1300] 3qgy/halo_Cl_1 ...
      ok (wallclock=5.3s)
  [ 843/1300] 3qgy/halo_F_1 ...
      ok (wallclock=5.3s)
  [ 844/1300] 3qgy/wt ...
      ok (wallclock=5.0s)
  [ 845/1300] 3rlr/halo_Br_1 ...
      ok (wallclock=4.4s)
  [ 846/1300] 3rlr/halo_Cl_1 ...
      ok (wallclock=4.3s)
  [ 847/1300] 3rlr/halo_F_1 ...
      ok (wallclock=4.5s)
  [ 848/1300] 3rlr/wt ...
      ok (wallclock=4.3s)
  [ 849/1300] 3rr4/halo_Br_1 ...
      ok (wallclock=3.8s)
  [ 850/1300] 3rr4/halo_Cl_1 ...
      ok (wallclock=3.9s)
  [ 851/1300] 3rr4/halo_F_1 ...
      ok (wallclock=3.8s)
  [ 852/1300] 3rr4/wt ...
      ok (wallclock=3.5s)
  [ 853/1300] 3rsx/halo_Br_1 ...
      ok (wallclock=3.4s)
  [ 854/1300] 3rsx/halo_Cl_1 ...
      ok (wallclock=3.4s)
  [ 855/1300] 3rsx/halo_F_1 ...
      ok (wallclock=3.3s)
  [ 856/1300] 3rsx/wt ...
      ok (wallclock=3.1s)
  [ 857/1300] 3ryj/halo_Br_1 ...
      ok (wallclock=4.5s)
  [ 858/1300] 3ryj/halo_Cl_1 ...
      ok (wallclock=4.2s)
  [ 859/1300] 3ryj/halo_F_1 ...
      ok (wallclock=3.9s)
  [ 860/1300] 3ryj/wt ...
      ok (wallclock=4.2s)
  [ 861/1300] 3syr/halo_Br_1 ...
      ok (wallclock=4.9s)
  [ 862/1300] 3syr/halo_Cl_1 ...
      ok (wallclock=5.0s)
  [ 863/1300] 3syr/halo_F_1 ...
      ok (wallclock=4.9s)
  [ 864/1300] 3syr/meth_1 ...
      ok (wallclock=5.1s)
  [ 865/1300] 3syr/meth_2 ...
      ok (wallclock=4.8s)
  [ 866/1300] 3syr/meth_3 ...
      ok (wallclock=5.6s)
  [ 867/1300] 3syr/meth_4 ...
      ok (wallclock=5.9s)
  [ 868/1300] 3syr/wt ...
      ok (wallclock=4.4s)
  [ 869/1300] 3tsk/chrg_neu_ethyl ...
      ok (wallclock=15.8s)
  [ 870/1300] 3tsk/chrg_neu_methyl ...
      ok (wallclock=15.7s)
  [ 871/1300] 3tsk/chrg_neu_propyl ...
      ok (wallclock=20.6s)
  [ 872/1300] 3tsk/chrg_pos_1 ...
      ok (wallclock=13.5s)
  [ 873/1300] 3tsk/chrg_pos_2 ...
      ok (wallclock=16.4s)
  [ 874/1300] 3tsk/chrg_pos_3 ...
      ok (wallclock=21.5s)
  [ 875/1300] 3tsk/halo_Br_1 ...
      ok (wallclock=13.8s)
  [ 876/1300] 3tsk/halo_Cl_1 ...
      ok (wallclock=13.4s)
  [ 877/1300] 3tsk/halo_F_1 ...
      ok (wallclock=13.1s)
  [ 878/1300] 3tsk/wt ...
      ok (wallclock=12.5s)
  [ 879/1300] 3u5j/halo_Br_1 ...
      ok (wallclock=3.4s)
  [ 880/1300] 3u5j/halo_Cl_1 ...
      ok (wallclock=3.4s)
  [ 881/1300] 3u5j/halo_F_1 ...
      ok (wallclock=3.4s)
  [ 882/1300] 3u5j/wt ...
      ok (wallclock=3.3s)
  [ 883/1300] 3u8k/halo_Br_1 ...
      ok (wallclock=3.8s)
  [ 884/1300] 3u8k/halo_Cl_1 ...
      ok (wallclock=3.8s)
  [ 885/1300] 3u8k/halo_F_1 ...
      ok (wallclock=3.9s)
  [ 886/1300] 3u8k/wt ...
      ok (wallclock=3.7s)
  [ 887/1300] 3u8n/halo_Br_1 ...
      ok (wallclock=3.9s)
  [ 888/1300] 3u8n/halo_Cl_1 ...
      ok (wallclock=3.9s)
  [ 889/1300] 3u8n/halo_F_1 ...
      ok (wallclock=3.9s)
  [ 890/1300] 3u8n/wt ...
      ok (wallclock=3.8s)
  [ 891/1300] 3u9q/chrg_neu_ethyl ...
      ok (wallclock=4.1s)
  [ 892/1300] 3u9q/chrg_neu_methyl ...
      ok (wallclock=3.9s)
  [ 893/1300] 3u9q/chrg_neu_propyl ...
      ok (wallclock=5.3s)
  [ 894/1300] 3u9q/chrg_pos_1 ...
      ok (wallclock=3.8s)
  [ 895/1300] 3u9q/chrg_pos_2 ...
      ok (wallclock=4.5s)
  [ 896/1300] 3u9q/chrg_pos_3 ...
      ok (wallclock=5.3s)
  [ 897/1300] 3u9q/wt ...
      ok (wallclock=3.5s)
  [ 898/1300] 3udh/halo_Br_1 ...
      ok (wallclock=3.3s)
  [ 899/1300] 3udh/halo_Cl_1 ...
      ok (wallclock=3.3s)
  [ 900/1300] 3udh/halo_F_1 ...
      ok (wallclock=3.2s)
  [ 901/1300] 3udh/wt ...
      ok (wallclock=3.1s)
  [ 902/1300] 3ueu/chrg_neu_ethyl ...
      ok (wallclock=4.9s)
  [ 903/1300] 3ueu/chrg_neu_methyl ...
      ok (wallclock=4.4s)
  [ 904/1300] 3ueu/chrg_neu_propyl ...
      ok (wallclock=6.2s)
  [ 905/1300] 3ueu/chrg_pos_1 ...
      ok (wallclock=3.9s)
  [ 906/1300] 3ueu/chrg_pos_2 ...
      ok (wallclock=5.0s)
  [ 907/1300] 3ueu/chrg_pos_3 ...
      ok (wallclock=6.4s)
  [ 908/1300] 3ueu/wt ...
      ok (wallclock=3.7s)
  [ 909/1300] 3uev/chrg_neu_ethyl ...
      ok (wallclock=5.5s)
  [ 910/1300] 3uev/chrg_neu_methyl ...
      ok (wallclock=5.4s)
  [ 911/1300] 3uev/chrg_neu_propyl ...
      ok (wallclock=8.0s)
  [ 912/1300] 3uev/chrg_pos_1 ...
      ok (wallclock=4.6s)
  [ 913/1300] 3uev/chrg_pos_2 ...
      ok (wallclock=6.0s)
  [ 914/1300] 3uev/chrg_pos_3 ...
      ok (wallclock=8.3s)
  [ 915/1300] 3uev/wt ...
      ok (wallclock=4.4s)
  [ 916/1300] 3uew/chrg_neu_ethyl ...
      ok (wallclock=6.4s)
  [ 917/1300] 3uew/chrg_neu_methyl ...
      ok (wallclock=6.2s)
  [ 918/1300] 3uew/chrg_neu_propyl ...
      ok (wallclock=8.4s)
  [ 919/1300] 3uew/chrg_pos_1 ...
      ok (wallclock=5.3s)
  [ 920/1300] 3uew/chrg_pos_2 ...
      ok (wallclock=6.5s)
  [ 921/1300] 3uew/chrg_pos_3 ...
      ok (wallclock=8.3s)
  [ 922/1300] 3uew/wt ...
      ok (wallclock=4.8s)
  [ 923/1300] 3ui7/halo_Br_1 ...
      ok (wallclock=4.2s)
  [ 924/1300] 3ui7/halo_Cl_1 ...
      ok (wallclock=4.3s)
  [ 925/1300] 3ui7/halo_F_1 ...
      ok (wallclock=4.2s)
  [ 926/1300] 3ui7/wt ...
      ok (wallclock=4.0s)
  [ 927/1300] 3uo4/halo_Br_1 ...
      ok (wallclock=5.5s)
  [ 928/1300] 3uo4/halo_Cl_1 ...
      ok (wallclock=5.5s)
  [ 929/1300] 3uo4/halo_F_1 ...
      ok (wallclock=5.5s)
  [ 930/1300] 3uo4/wt ...
      ok (wallclock=5.3s)
  [ 931/1300] 3up2/halo_Br_1 ...
      ok (wallclock=5.8s)
  [ 932/1300] 3up2/halo_Cl_1 ...
      ok (wallclock=5.6s)
  [ 933/1300] 3up2/halo_F_1 ...
      ok (wallclock=5.5s)
  [ 934/1300] 3up2/wt ...
      ok (wallclock=5.3s)
  [ 935/1300] 3utu/halo_Br_1 ...
      ok (wallclock=16.8s)
  [ 936/1300] 3utu/halo_Cl_1 ...
      ok (wallclock=16.7s)
  [ 937/1300] 3utu/halo_F_1 ...
      ok (wallclock=17.0s)
  [ 938/1300] 3utu/wt ...
      ok (wallclock=16.3s)
  [ 939/1300] 3uuo/halo_Br_1 ...
      ok (wallclock=4.1s)
  [ 940/1300] 3uuo/halo_Cl_1 ...
      ok (wallclock=4.1s)
  [ 941/1300] 3uuo/halo_F_1 ...
      ok (wallclock=4.0s)
  [ 942/1300] 3uuo/wt ...
      ok (wallclock=3.9s)
  [ 943/1300] 3wtj/halo_Br_1 ...
      ok (wallclock=3.7s)
  [ 944/1300] 3wtj/halo_Cl_1 ...
      ok (wallclock=3.7s)
  [ 945/1300] 3wtj/halo_F_1 ...
      ok (wallclock=3.7s)
  [ 946/1300] 3wtj/wt ...
      ok (wallclock=3.6s)
  [ 947/1300] 3wz8/halo_Br_1 ...
      ok (wallclock=7.4s)
  [ 948/1300] 3wz8/halo_Cl_1 ...
      ok (wallclock=7.4s)
  [ 949/1300] 3wz8/halo_F_1 ...
      ok (wallclock=7.4s)
  [ 950/1300] 3wz8/wt ...
      ok (wallclock=7.0s)
  [ 951/1300] 3zdg/wt ...
      ok (wallclock=3.3s)
  [ 952/1300] 3zso/halo_Br_1 ...
      ok (wallclock=13.2s)
  [ 953/1300] 3zso/halo_Cl_1 ...
      ok (wallclock=12.9s)
  [ 954/1300] 3zso/halo_F_1 ...
      ok (wallclock=12.9s)
  [ 955/1300] 3zso/wt ...
      ok (wallclock=12.3s)
  [ 956/1300] 3zt2/halo_Br_1 ...
      ok (wallclock=3.9s)
  [ 957/1300] 3zt2/halo_Cl_1 ...
      ok (wallclock=3.8s)
  [ 958/1300] 3zt2/halo_F_1 ...
      ok (wallclock=3.9s)
  [ 959/1300] 3zt2/wt ...
      ok (wallclock=3.7s)
  [ 960/1300] 4agn/halo_Br_1 ...
      ok (wallclock=4.7s)
  [ 961/1300] 4agn/halo_Cl_1 ...
      ok (wallclock=4.6s)
  [ 962/1300] 4agn/halo_F_1 ...
      ok (wallclock=4.7s)
  [ 963/1300] 4agn/meth_1 ...
      ok (wallclock=4.9s)
  [ 964/1300] 4agn/wt ...
      ok (wallclock=4.4s)
  [ 965/1300] 4agp/halo_Br_1 ...
      ok (wallclock=6.3s)
  [ 966/1300] 4agp/halo_Cl_1 ...
      ok (wallclock=6.1s)
  [ 967/1300] 4agp/halo_F_1 ...
      ok (wallclock=6.1s)
  [ 968/1300] 4agp/wt ...
      ok (wallclock=5.8s)
  [ 969/1300] 4agq/halo_Br_1 ...
      ok (wallclock=6.1s)
  [ 970/1300] 4agq/halo_Cl_1 ...
      ok (wallclock=6.1s)
  [ 971/1300] 4agq/halo_F_1 ...
      ok (wallclock=6.1s)
  [ 972/1300] 4agq/wt ...
      ok (wallclock=6.2s)
  [ 973/1300] 4bkt/halo_Br_1 ...
      ok (wallclock=3.8s)
  [ 974/1300] 4bkt/halo_Cl_1 ...
      ok (wallclock=3.7s)
  [ 975/1300] 4bkt/halo_F_1 ...
      ok (wallclock=3.8s)
  [ 976/1300] 4bkt/meth_1 ...
      ok (wallclock=3.9s)
  [ 977/1300] 4bkt/wt ...
      ok (wallclock=3.6s)
  [ 978/1300] 4cig/halo_Br_1 ...
      ok (wallclock=8.6s)
  [ 979/1300] 4cig/halo_Cl_1 ...
      ok (wallclock=8.7s)
  [ 980/1300] 4cig/halo_F_1 ...
      ok (wallclock=8.8s)
  [ 981/1300] 4cig/wt ...
      ok (wallclock=8.3s)
  [ 982/1300] 4ciw/chrg_neu_ethyl ...
      ok (wallclock=4.2s)
  [ 983/1300] 4ciw/chrg_neu_methyl ...
      ok (wallclock=3.9s)
  [ 984/1300] 4ciw/chrg_neu_propyl ...
      ok (wallclock=5.4s)
  [ 985/1300] 4ciw/chrg_pos_1 ...
      ok (wallclock=3.5s)
  [ 986/1300] 4ciw/chrg_pos_2 ...
      ok (wallclock=4.0s)
  [ 987/1300] 4ciw/chrg_pos_3 ...
      ok (wallclock=5.4s)
  [ 988/1300] 4ciw/meth_1 ...
      ok (wallclock=3.4s)
  [ 989/1300] 4ciw/meth_2 ...
      ok (wallclock=3.5s)
  [ 990/1300] 4ciw/meth_3 ...
      ok (wallclock=3.6s)
  [ 991/1300] 4ciw/meth_4 ...
      ok (wallclock=3.8s)
  [ 992/1300] 4ciw/wt ...
      ok (wallclock=3.2s)
  [ 993/1300] 4cr9/halo_Br_1 ...
      ok (wallclock=2.9s)
  [ 994/1300] 4cr9/halo_Cl_1 ...
      ok (wallclock=3.0s)
  [ 995/1300] 4cr9/halo_F_1 ...
      ok (wallclock=2.9s)
  [ 996/1300] 4cr9/wt ...
      ok (wallclock=2.9s)
  [ 997/1300] 4cra/halo_Br_1 ...
      ok (wallclock=8.1s)
  [ 998/1300] 4cra/halo_Cl_1 ...
      ok (wallclock=8.1s)
  [ 999/1300] 4cra/halo_F_1 ...
      ok (wallclock=8.1s)
  [1000/1300] 4cra/wt ...
      ok (wallclock=7.8s)
  [1001/1300] 4crc/halo_Br_1 ...
      ok (wallclock=9.1s)
  [1002/1300] 4crc/halo_Cl_1 ...
      ok (wallclock=9.0s)
  [1003/1300] 4crc/halo_F_1 ...
      ok (wallclock=8.9s)
  [1004/1300] 4crc/wt ...
      ok (wallclock=8.5s)
  [1005/1300] 4ddh/chrg_neu_ethyl ...
      ok (wallclock=3.9s)
  [1006/1300] 4ddh/chrg_neu_methyl ...
      ok (wallclock=3.7s)
  [1007/1300] 4ddh/chrg_neu_propyl ...
      ok (wallclock=4.9s)
  [1008/1300] 4ddh/chrg_pos_1 ...
      ok (wallclock=3.4s)
  [1009/1300] 4ddh/chrg_pos_2 ...
      ok (wallclock=4.0s)
  [1010/1300] 4ddh/chrg_pos_3 ...
      ok (wallclock=5.0s)
  [1011/1300] 4ddh/halo_Br_1 ...
      ok (wallclock=3.4s)
  [1012/1300] 4ddh/halo_Cl_1 ...
      ok (wallclock=3.4s)
  [1013/1300] 4ddh/halo_F_1 ...
      ok (wallclock=3.4s)
  [1014/1300] 4ddh/wt ...
      ok (wallclock=3.2s)
  [1015/1300] 4ddk/halo_Br_1 ...
      ok (wallclock=3.0s)
  [1016/1300] 4ddk/halo_Cl_1 ...
      ok (wallclock=3.0s)
  [1017/1300] 4ddk/halo_F_1 ...
      ok (wallclock=3.0s)
  [1018/1300] 4ddk/wt ...
      ok (wallclock=2.9s)
  [1019/1300] 4de1/halo_Br_1 ...
      ok (wallclock=4.1s)
  [1020/1300] 4de1/halo_Cl_1 ...
      ok (wallclock=4.0s)
  [1021/1300] 4de1/halo_F_1 ...
      ok (wallclock=4.3s)
  [1022/1300] 4de1/wt ...
      ok (wallclock=4.0s)
  [1023/1300] 4de2/halo_Br_1 ...
      ok (wallclock=4.4s)
  [1024/1300] 4de2/halo_Cl_1 ...
      ok (wallclock=4.4s)
  [1025/1300] 4de2/halo_F_1 ...
      ok (wallclock=4.5s)
  [1026/1300] 4de2/wt ...
      ok (wallclock=4.2s)
  [1027/1300] 4de3/halo_Br_1 ...
      ok (wallclock=3.9s)
  [1028/1300] 4de3/halo_Cl_1 ...
      ok (wallclock=3.9s)
  [1029/1300] 4de3/halo_F_1 ...
      ok (wallclock=3.9s)
  [1030/1300] 4de3/wt ...
      ok (wallclock=3.8s)
  [1031/1300] 4djv/halo_Br_1 ...
      ok (wallclock=5.1s)
  [1032/1300] 4djv/halo_Cl_1 ...
      ok (wallclock=5.3s)
  [1033/1300] 4djv/halo_F_1 ...
      ok (wallclock=5.4s)
  [1034/1300] 4djv/wt ...
      ok (wallclock=5.0s)
  [1035/1300] 4dld/chrg_neu_ethyl ...
      ok (wallclock=6.2s)
  [1036/1300] 4dld/chrg_neu_methyl ...
      ok (wallclock=5.7s)
  [1037/1300] 4dld/chrg_neu_propyl ...
      ok (wallclock=8.0s)
  [1038/1300] 4dld/chrg_pos_1 ...
      ok (wallclock=5.1s)
  [1039/1300] 4dld/chrg_pos_2 ...
      ok (wallclock=6.4s)
  [1040/1300] 4dld/chrg_pos_3 ...
      ok (wallclock=7.8s)
  [1041/1300] 4dld/halo_Br_1 ...
      ok (wallclock=5.0s)
  [1042/1300] 4dld/halo_Cl_1 ...
      ok (wallclock=4.8s)
  [1043/1300] 4dld/halo_F_1 ...
      ok (wallclock=5.0s)
  [1044/1300] 4dld/wt ...
      ok (wallclock=4.6s)
  [1045/1300] 4dli/halo_Br_1 ...
      ok (wallclock=4.0s)
  [1046/1300] 4dli/halo_Cl_1 ...
      ok (wallclock=4.2s)
  [1047/1300] 4dli/halo_F_1 ...
      ok (wallclock=3.9s)
  [1048/1300] 4dli/wt ...
      ok (wallclock=4.1s)
  [1049/1300] 4e5w/halo_Br_1 ...
      ok (wallclock=5.1s)
  [1050/1300] 4e5w/halo_Cl_1 ...
      ok (wallclock=5.1s)
  [1051/1300] 4e5w/halo_F_1 ...
      ok (wallclock=5.0s)
  [1052/1300] 4e5w/wt ...
      ok (wallclock=4.7s)
  [1053/1300] 4e6q/halo_Br_1 ...
      ok (wallclock=4.5s)
  [1054/1300] 4e6q/halo_Cl_1 ...
      ok (wallclock=4.5s)
  [1055/1300] 4e6q/halo_F_1 ...
      ok (wallclock=4.6s)
  [1056/1300] 4e6q/wt ...
      ok (wallclock=4.3s)
  [1057/1300] 4ea2/wt ...
      ok (wallclock=4.8s)
  [1058/1300] 4eky/halo_Br_1 ...
      ok (wallclock=5.7s)
  [1059/1300] 4eky/halo_Cl_1 ...
      ok (wallclock=5.7s)
  [1060/1300] 4eky/halo_F_1 ...
      ok (wallclock=6.1s)
  [1061/1300] 4eky/meth_1 ...
      ok (wallclock=5.8s)
  [1062/1300] 4eky/meth_2 ...
      ok (wallclock=6.3s)
  [1063/1300] 4eky/meth_3 ...
      ok (wallclock=7.1s)
  [1064/1300] 4eky/meth_4 ...
      ok (wallclock=7.9s)
  [1065/1300] 4eky/wt ...
      ok (wallclock=5.4s)
  [1066/1300] 4eo8/halo_Br_1 ...
      ok (wallclock=5.6s)
  [1067/1300] 4eo8/halo_Cl_1 ...
      ok (wallclock=5.4s)
  [1068/1300] 4eo8/halo_F_1 ...
      ok (wallclock=5.4s)
  [1069/1300] 4eo8/wt ...
      ok (wallclock=5.1s)
  [1070/1300] 4eor/halo_Br_1 ...
      ok (wallclock=5.4s)
  [1071/1300] 4eor/halo_Cl_1 ...
      ok (wallclock=5.5s)
  [1072/1300] 4eor/halo_F_1 ...
      ok (wallclock=5.6s)
  [1073/1300] 4eor/wt ...
      ok (wallclock=5.3s)
  [1074/1300] 4f09/halo_Br_1 ...
      ok (wallclock=3.6s)
  [1075/1300] 4f09/halo_Cl_1 ...
      ok (wallclock=3.6s)
  [1076/1300] 4f09/halo_F_1 ...
      ok (wallclock=3.7s)
  [1077/1300] 4f09/wt ...
      ok (wallclock=3.6s)
  [1078/1300] 4f2w/halo_Br_1 ...
      ok (wallclock=5.1s)
  [1079/1300] 4f2w/halo_Cl_1 ...
      ok (wallclock=5.1s)
  [1080/1300] 4f2w/halo_F_1 ...
      ok (wallclock=5.1s)
  [1081/1300] 4f2w/meth_1 ...
      ok (wallclock=5.2s)
  [1082/1300] 4f2w/wt ...
      ok (wallclock=4.7s)
  [1083/1300] 4f3c/halo_Br_1 ...
      ok (wallclock=6.2s)
  [1084/1300] 4f3c/halo_Cl_1 ...
      ok (wallclock=5.3s)
  [1085/1300] 4f3c/halo_F_1 ...
      ok (wallclock=5.4s)
  [1086/1300] 4f3c/meth_1 ...
      ok (wallclock=6.2s)
  [1087/1300] 4f3c/wt ...
      ok (wallclock=5.8s)
  [1088/1300] 4f9w/halo_Br_1 ...
      ok (wallclock=4.2s)
  [1089/1300] 4f9w/halo_Cl_1 ...
      ok (wallclock=4.2s)
  [1090/1300] 4f9w/halo_F_1 ...
      ok (wallclock=4.1s)
  [1091/1300] 4f9w/wt ...
      ok (wallclock=4.0s)
  [1092/1300] 4gfm/halo_Br_1 ...
      ok (wallclock=3.8s)
  [1093/1300] 4gfm/halo_Cl_1 ...
      ok (wallclock=3.7s)
  [1094/1300] 4gfm/halo_F_1 ...
      ok (wallclock=3.7s)
  [1095/1300] 4gfm/wt ...
      ok (wallclock=3.6s)
  [1096/1300] 4gid/halo_Br_1 ...
      ok (wallclock=16.9s)
  [1097/1300] 4gid/halo_Cl_1 ...
      ok (wallclock=16.0s)
  [1098/1300] 4gid/halo_F_1 ...
      ok (wallclock=16.3s)
  [1099/1300] 4gid/meth_1 ...
      ok (wallclock=16.3s)
  [1100/1300] 4gid/wt ...
      ok (wallclock=15.2s)
  [1101/1300] 4gkm/halo_Br_1 ...
      ok (wallclock=4.2s)
  [1102/1300] 4gkm/halo_Cl_1 ...
      ok (wallclock=4.0s)
  [1103/1300] 4gkm/halo_F_1 ...
      ok (wallclock=4.0s)
  [1104/1300] 4gkm/wt ...
      ok (wallclock=3.9s)
  [1105/1300] 4gr0/halo_Br_1 ...
      ok (wallclock=13.3s)
  [1106/1300] 4gr0/halo_Cl_1 ...
      ok (wallclock=12.7s)
  [1107/1300] 4gr0/halo_F_1 ...
      ok (wallclock=12.4s)
  [1108/1300] 4gr0/wt ...
      ok (wallclock=11.6s)
  [1109/1300] 4hge/halo_Br_1 ...
      ok (wallclock=4.7s)
  [1110/1300] 4hge/halo_Cl_1 ...
      ok (wallclock=4.7s)
  [1111/1300] 4hge/halo_F_1 ...
      ok (wallclock=4.7s)
  [1112/1300] 4hge/wt ...
      ok (wallclock=4.6s)
  [1113/1300] 4ih5/halo_Br_1 ...
      ok (wallclock=3.8s)
  [1114/1300] 4ih5/halo_Cl_1 ...
      ok (wallclock=3.7s)
  [1115/1300] 4ih5/halo_F_1 ...
      ok (wallclock=3.8s)
  [1116/1300] 4ih5/wt ...
      ok (wallclock=3.7s)
  [1117/1300] 4ih7/halo_Br_1 ...
      ok (wallclock=3.7s)
  [1118/1300] 4ih7/halo_Cl_1 ...
      ok (wallclock=3.7s)
  [1119/1300] 4ih7/halo_F_1 ...
      ok (wallclock=3.6s)
  [1120/1300] 4ih7/wt ...
      ok (wallclock=3.5s)
  [1121/1300] 4ivb/halo_Br_1 ...
      ok (wallclock=4.4s)
  [1122/1300] 4ivb/halo_Cl_1 ...
      ok (wallclock=4.3s)
  [1123/1300] 4ivb/halo_F_1 ...
      ok (wallclock=4.3s)
  [1124/1300] 4ivb/meth_1 ...
      ok (wallclock=4.3s)
  [1125/1300] 4ivb/wt ...
      ok (wallclock=4.1s)
  [1126/1300] 4ivc/halo_Br_1 ...
      ok (wallclock=4.6s)
  [1127/1300] 4ivc/halo_Cl_1 ...
      ok (wallclock=4.5s)
  [1128/1300] 4ivc/halo_F_1 ...
      ok (wallclock=4.5s)
  [1129/1300] 4ivc/meth_1 ...
      ok (wallclock=4.6s)
  [1130/1300] 4ivc/wt ...
      ok (wallclock=4.3s)
  [1131/1300] 4ivd/halo_Br_1 ...
      ok (wallclock=4.8s)
  [1132/1300] 4ivd/halo_Cl_1 ...
      ok (wallclock=4.8s)
  [1133/1300] 4ivd/halo_F_1 ...
      ok (wallclock=4.8s)
  [1134/1300] 4ivd/meth_1 ...
      ok (wallclock=4.8s)
  [1135/1300] 4ivd/wt ...
      ok (wallclock=4.6s)
  [1136/1300] 4j21/halo_Br_1 ...
      ok (wallclock=3.9s)
  [1137/1300] 4j21/halo_Cl_1 ...
      ok (wallclock=3.8s)
  [1138/1300] 4j21/halo_F_1 ...
      ok (wallclock=4.0s)
  [1139/1300] 4j21/wt ...
      ok (wallclock=3.6s)
  [1140/1300] 4j28/halo_Br_1 ...
      ok (wallclock=3.7s)
  [1141/1300] 4j28/halo_Cl_1 ...
      ok (wallclock=3.7s)
  [1142/1300] 4j28/halo_F_1 ...
      ok (wallclock=3.8s)
  [1143/1300] 4j28/meth_1 ...
      ok (wallclock=3.9s)
  [1144/1300] 4j28/meth_2 ...
      ok (wallclock=3.9s)
  [1145/1300] 4j28/wt ...
      ok (wallclock=3.6s)
  [1146/1300] 4j3l/halo_Br_1 ...
      ok (wallclock=4.6s)
  [1147/1300] 4j3l/halo_Cl_1 ...
      ok (wallclock=4.4s)
  [1148/1300] 4j3l/halo_F_1 ...
      ok (wallclock=4.5s)
  [1149/1300] 4j3l/wt ...
      ok (wallclock=4.5s)
  [1150/1300] 4jfs/halo_Br_1 ...
      ok (wallclock=3.8s)
  [1151/1300] 4jfs/halo_Cl_1 ...
      ok (wallclock=3.7s)
  [1152/1300] 4jfs/halo_F_1 ...
      ok (wallclock=3.7s)
  [1153/1300] 4jfs/meth_1 ...
      ok (wallclock=3.7s)
  [1154/1300] 4jfs/meth_2 ...
      ok (wallclock=3.7s)
  [1155/1300] 4jfs/wt ...
      ok (wallclock=3.5s)
  [1156/1300] 4jia/halo_Br_1 ...
      ok (wallclock=5.5s)
  [1157/1300] 4jia/halo_Cl_1 ...
      ok (wallclock=5.5s)
  [1158/1300] 4jia/halo_F_1 ...
      ok (wallclock=5.2s)
  [1159/1300] 4jia/wt ...
      ok (wallclock=5.3s)
  [1160/1300] 4jsz/halo_Br_1 ...
      ok (wallclock=2.7s)
  [1161/1300] 4jsz/halo_Cl_1 ...
      ok (wallclock=2.7s)
  [1162/1300] 4jsz/halo_F_1 ...
      ok (wallclock=2.8s)
  [1163/1300] 4jsz/wt ...
      ok (wallclock=2.7s)
  [1164/1300] 4jxs/halo_Br_1 ...
      ok (wallclock=4.9s)
  [1165/1300] 4jxs/halo_Cl_1 ...
      ok (wallclock=4.7s)
  [1166/1300] 4jxs/halo_F_1 ...
      ok (wallclock=4.7s)
  [1167/1300] 4jxs/wt ...
      ok (wallclock=4.5s)
  [1168/1300] 4k18/halo_Br_1 ...
      ok (wallclock=5.6s)
  [1169/1300] 4k18/halo_Cl_1 ...
      ok (wallclock=5.7s)
  [1170/1300] 4k18/halo_F_1 ...
      ok (wallclock=5.7s)
  [1171/1300] 4k18/wt ...
      ok (wallclock=5.5s)
  [1172/1300] 4k77/halo_Br_1 ...
      ok (wallclock=3.8s)
  [1173/1300] 4k77/halo_Cl_1 ...
      ok (wallclock=3.8s)
  [1174/1300] 4k77/halo_F_1 ...
      ok (wallclock=3.7s)
  [1175/1300] 4k77/wt ...
      ok (wallclock=3.5s)
  [1176/1300] 4kz6/chrg_neu_ethyl ...
      ok (wallclock=4.1s)
  [1177/1300] 4kz6/chrg_neu_methyl ...
      ok (wallclock=3.9s)
  [1178/1300] 4kz6/chrg_neu_propyl ...
      ok (wallclock=5.1s)
  [1179/1300] 4kz6/chrg_pos_1 ...
      ok (wallclock=3.6s)
  [1180/1300] 4kz6/chrg_pos_2 ...
      ok (wallclock=4.2s)
  [1181/1300] 4kz6/chrg_pos_3 ...
      ok (wallclock=5.1s)
  [1182/1300] 4kz6/wt ...
      ok (wallclock=3.4s)
  [1183/1300] 4llx/halo_Br_1 ...
      ok (wallclock=2.9s)
  [1184/1300] 4llx/halo_Cl_1 ...
      ok (wallclock=2.9s)
  [1185/1300] 4llx/halo_F_1 ...
      ok (wallclock=3.0s)
  [1186/1300] 4llx/wt ...
      ok (wallclock=3.0s)
  [1187/1300] 4lzs/wt ...
      ok (wallclock=3.1s)
  [1188/1300] 4m0y/halo_Br_1 ...
      ok (wallclock=4.2s)
  [1189/1300] 4m0y/halo_Cl_1 ...
      ok (wallclock=4.2s)
  [1190/1300] 4m0y/halo_F_1 ...
      ok (wallclock=4.0s)
  [1191/1300] 4m0y/wt ...
      ok (wallclock=4.0s)
  [1192/1300] 4m0z/halo_Br_1 ...
      ok (wallclock=5.7s)
  [1193/1300] 4m0z/halo_Cl_1 ...
      ok (wallclock=5.7s)
  [1194/1300] 4m0z/halo_F_1 ...
      ok (wallclock=5.5s)
  [1195/1300] 4m0z/wt ...
      ok (wallclock=5.4s)
  [1196/1300] 4mgd/halo_Br_1 ...
      ok (wallclock=4.1s)
  [1197/1300] 4mgd/halo_Cl_1 ...
      ok (wallclock=4.0s)
  [1198/1300] 4mgd/halo_F_1 ...
      ok (wallclock=3.8s)
  [1199/1300] 4mgd/wt ...
      ok (wallclock=3.5s)
  [1200/1300] 4mme/halo_Br_1 ...
      ok (wallclock=4.0s)
  [1201/1300] 4mme/halo_Cl_1 ...
      ok (wallclock=4.2s)
  [1202/1300] 4mme/halo_F_1 ...
      ok (wallclock=4.0s)
  [1203/1300] 4mme/meth_1 ...
      ok (wallclock=3.8s)
  [1204/1300] 4mme/wt ...
      ok (wallclock=3.8s)
  [1205/1300] 4ogj/halo_Br_1 ...
      ok (wallclock=17.5s)
  [1206/1300] 4ogj/halo_Cl_1 ...
      ok (wallclock=9.2s)
  [1207/1300] 4ogj/halo_F_1 ...
      ok (wallclock=9.1s)
  [1208/1300] 4ogj/wt ...
      ok (wallclock=8.5s)
  [1209/1300] 4qac/halo_Br_1 ...
      ok (wallclock=4.7s)
  [1210/1300] 4qac/halo_Cl_1 ...
      ok (wallclock=4.6s)
  [1211/1300] 4qac/halo_F_1 ...
      ok (wallclock=4.7s)
  [1212/1300] 4qac/wt ...
      ok (wallclock=4.4s)
  [1213/1300] 4qd6/halo_Br_1 ...
      ok (wallclock=7.2s)
  [1214/1300] 4qd6/halo_Cl_1 ...
      ok (wallclock=7.2s)
  [1215/1300] 4qd6/halo_F_1 ...
      ok (wallclock=7.4s)
  [1216/1300] 4qd6/meth_1 ...
      ok (wallclock=7.3s)
  [1217/1300] 4qd6/wt ...
      ok (wallclock=7.1s)
  [1218/1300] 4rfm/halo_Br_1 ...
      ok (wallclock=6.5s)
  [1219/1300] 4rfm/halo_Cl_1 ...
      ok (wallclock=6.3s)
  [1220/1300] 4rfm/halo_F_1 ...
      ok (wallclock=6.3s)
  [1221/1300] 4rfm/wt ...
      ok (wallclock=6.2s)
  [1222/1300] 4tmn/chrg_neu_ethyl ...
      ok (wallclock=13.5s)
  [1223/1300] 4tmn/chrg_neu_methyl ...
      ok (wallclock=12.9s)
  [1224/1300] 4tmn/chrg_neu_propyl ...
      ok (wallclock=17.7s)
  [1225/1300] 4tmn/chrg_pos_1 ...
      ok (wallclock=11.3s)
  [1226/1300] 4tmn/chrg_pos_2 ...
      ok (wallclock=13.7s)
  [1227/1300] 4tmn/chrg_pos_3 ...
      ok (wallclock=17.6s)
  [1228/1300] 4tmn/halo_Br_1 ...
      ok (wallclock=10.9s)
  [1229/1300] 4tmn/halo_Cl_1 ...
      ok (wallclock=10.9s)
  [1230/1300] 4tmn/halo_F_1 ...
      ok (wallclock=10.8s)
  [1231/1300] 4tmn/wt ...
      ok (wallclock=10.3s)
  [1232/1300] 4twp/halo_Br_1 ...
      ok (wallclock=5.8s)
  [1233/1300] 4twp/halo_Cl_1 ...
      ok (wallclock=5.2s)
  [1234/1300] 4twp/halo_F_1 ...
      ok (wallclock=5.6s)
  [1235/1300] 4twp/wt ...
      ok (wallclock=4.8s)
  [1236/1300] 4ty7/halo_Br_1 ...
      ok (wallclock=7.6s)
  [1237/1300] 4ty7/halo_Cl_1 ...
      ok (wallclock=7.5s)
  [1238/1300] 4ty7/halo_F_1 ...
      ok (wallclock=7.6s)
  [1239/1300] 4ty7/wt ...
      ok (wallclock=7.1s)
  [1240/1300] 4u4s/halo_Br_1 ...
      ok (wallclock=3.7s)
  [1241/1300] 4u4s/halo_Cl_1 ...
      ok (wallclock=3.7s)
  [1242/1300] 4u4s/halo_F_1 ...
      ok (wallclock=3.7s)
  [1243/1300] 4u4s/wt ...
      ok (wallclock=3.6s)
  [1244/1300] 4w9c/halo_Br_1 ...
      ok (wallclock=5.6s)
  [1245/1300] 4w9c/halo_Cl_1 ...
      ok (wallclock=5.7s)
  [1246/1300] 4w9c/halo_F_1 ...
      ok (wallclock=5.5s)
  [1247/1300] 4w9c/meth_1 ...
      ok (wallclock=5.5s)
  [1248/1300] 4w9c/wt ...
      ok (wallclock=5.7s)
  [1249/1300] 4w9h/halo_Br_1 ...
      ok (wallclock=7.6s)
  [1250/1300] 4w9h/halo_Cl_1 ...
      ok (wallclock=7.5s)
  [1251/1300] 4w9h/halo_F_1 ...
      ok (wallclock=7.5s)
  [1252/1300] 4w9h/meth_1 ...
      ok (wallclock=7.4s)
  [1253/1300] 4w9h/wt ...
      ok (wallclock=7.2s)
  [1254/1300] 4w9i/halo_Br_1 ...
      ok (wallclock=6.9s)
  [1255/1300] 4w9i/halo_Cl_1 ...
      ok (wallclock=6.7s)
  [1256/1300] 4w9i/halo_F_1 ...
      ok (wallclock=7.1s)
  [1257/1300] 4w9i/meth_1 ...
      ok (wallclock=6.7s)
  [1258/1300] 4w9i/meth_2 ...
      ok (wallclock=6.9s)
  [1259/1300] 4w9i/wt ...
      ok (wallclock=6.6s)
  [1260/1300] 4w9l/halo_Br_1 ...
      ok (wallclock=10.8s)
  [1261/1300] 4w9l/halo_Cl_1 ...
      ok (wallclock=10.8s)
  [1262/1300] 4w9l/halo_F_1 ...
      ok (wallclock=11.0s)
  [1263/1300] 4w9l/meth_1 ...
      ok (wallclock=11.1s)
  [1264/1300] 4w9l/wt ...
      ok (wallclock=10.2s)
  [1265/1300] 4wiv/halo_Br_1 ...
      ok (wallclock=4.4s)
  [1266/1300] 4wiv/halo_Cl_1 ...
      ok (wallclock=4.6s)
  [1267/1300] 4wiv/halo_F_1 ...
      ok (wallclock=4.5s)
  [1268/1300] 4wiv/wt ...
      ok (wallclock=4.3s)
  [1269/1300] 4x6p/halo_Br_1 ...
      ok (wallclock=9.2s)
  [1270/1300] 4x6p/halo_Cl_1 ...
      ok (wallclock=9.3s)
  [1271/1300] 4x6p/halo_F_1 ...
      ok (wallclock=9.1s)
  [1272/1300] 4x6p/wt ...
      ok (wallclock=8.7s)
  [1273/1300] 5a7b/halo_Br_1 ...
      ok (wallclock=6.5s)
  [1274/1300] 5a7b/halo_Cl_1 ...
      ok (wallclock=6.5s)
  [1275/1300] 5a7b/halo_F_1 ...
      ok (wallclock=6.8s)
  [1276/1300] 5a7b/wt ...
      ok (wallclock=6.3s)
  [1277/1300] 5aba/halo_Br_1 ...
      ok (wallclock=3.8s)
  [1278/1300] 5aba/halo_Cl_1 ...
      ok (wallclock=3.9s)
  [1279/1300] 5aba/halo_F_1 ...
      ok (wallclock=3.9s)
  [1280/1300] 5aba/meth_1 ...
      ok (wallclock=4.1s)
  [1281/1300] 5aba/wt ...
      ok (wallclock=3.7s)
  [1282/1300] 5c28/wt ...
      ok (wallclock=3.4s)
  [1283/1300] 5c2h/halo_Br_1 ...
      ok (wallclock=6.9s)
  [1284/1300] 5c2h/halo_Cl_1 ...
      ok (wallclock=6.8s)
  [1285/1300] 5c2h/halo_F_1 ...
      ok (wallclock=6.9s)
  [1286/1300] 5c2h/wt ...
      ok (wallclock=6.6s)
  [1287/1300] 5dwr/halo_Br_1 ...
      ok (wallclock=6.0s)
  [1288/1300] 5dwr/halo_Cl_1 ...
      ok (wallclock=6.2s)
  [1289/1300] 5dwr/halo_F_1 ...
      ok (wallclock=5.9s)
  [1290/1300] 5dwr/wt ...
      ok (wallclock=5.7s)
  [1291/1300] 5tmn/chrg_neu_ethyl ...
      ok (wallclock=11.9s)
  [1292/1300] 5tmn/chrg_neu_methyl ...
      ok (wallclock=11.1s)
  [1293/1300] 5tmn/chrg_neu_propyl ...
      ok (wallclock=14.9s)
  [1294/1300] 5tmn/chrg_pos_1 ...
      ok (wallclock=10.1s)
  [1295/1300] 5tmn/chrg_pos_2 ...
      ok (wallclock=12.3s)
  [1296/1300] 5tmn/chrg_pos_3 ...
      ok (wallclock=14.9s)
  [1297/1300] 5tmn/halo_Br_1 ...
      ok (wallclock=9.4s)
  [1298/1300] 5tmn/halo_Cl_1 ...
      ok (wallclock=9.4s)
  [1299/1300] 5tmn/halo_F_1 ...
      ok (wallclock=9.4s)
  [1300/1300] 5tmn/wt ...
      ok (wallclock=8.9s)

Total cells 1300 | new ok=1297 skip=3 fail=0
Cumulative ok=1297 in log /mnt/katritch_lab2/aoxu/contrasCF/analysis/ligand_mutagenesis/gnina_variants_ligand_mutagenesis_run_log.json
