CMD: /home/aoxu/projects/PoseBench/forks/GNINA/gnina -r /mnt/katritch_lab2/aoxu/contrasCF/analysis/ligand_mutagenesis/outputs/3ehy/chrg_neu_ethyl/docking/receptor.pdb -l /mnt/katritch_lab2/aoxu/contrasCF/analysis/ligand_mutagenesis/outputs/3ehy/chrg_neu_ethyl/docking/ligand.sdf --center_x -2.276823529411765 --center_y -4.730294117647059 --center_z -5.961529411764706 --size_x 25.0 --size_y 25.0 --size_z 25.0 --cnn_scoring rescore --num_modes 9 --exhaustiveness 8 --seed 42 -o /mnt/katritch_lab2/aoxu/contrasCF/analysis/ligand_mutagenesis/outputs/3ehy/chrg_neu_ethyl/gnina/poses.sdf

STDOUT:
              _             
             (_)            
   __ _ _ __  _ _ __   __ _ 
  / _` | '_ \| | '_ \ / _` |
 | (_| | | | | | | | | (_| |
  \__, |_| |_|_|_| |_|\__,_|
   __/ |                    
  |___/                     

gnina v1.3 master:97fa6bc+   Built Oct  3 2024.
gnina is based on smina and AutoDock Vina.
Please cite appropriately.

Commandline: /home/aoxu/projects/PoseBench/forks/GNINA/gnina -r /mnt/katritch_lab2/aoxu/contrasCF/analysis/ligand_mutagenesis/outputs/3ehy/chrg_neu_ethyl/docking/receptor.pdb -l /mnt/katritch_lab2/aoxu/contrasCF/analysis/ligand_mutagenesis/outputs/3ehy/chrg_neu_ethyl/docking/ligand.sdf --center_x -2.276823529411765 --center_y -4.730294117647059 --center_z -5.961529411764706 --size_x 25.0 --size_y 25.0 --size_z 25.0 --cnn_scoring rescore --num_modes 9 --exhaustiveness 8 --seed 42 -o /mnt/katritch_lab2/aoxu/contrasCF/analysis/ligand_mutagenesis/outputs/3ehy/chrg_neu_ethyl/gnina/poses.sdf
Using random seed: 42

0%   10   20   30   40   50   60   70   80   90   100%
|----|----|----|----|----|----|----|----|----|----|
***************************************************

mode |  affinity  |  intramol  |    CNN     |   CNN
     | (kcal/mol) | (kcal/mol) | pose score | affinity
-----+------------+------------+------------+----------
    1       -8.09        1.12       0.9106      6.496
    2       -6.63       -0.39       0.8839      6.005
    3       -7.76        0.68       0.8403      5.777
    4       -7.89        0.82       0.7573      5.948
    5       -6.92        0.11       0.7091      5.865
    6       -6.52       -0.21       0.6976      5.758
    7       -7.53        1.34       0.6957      6.041
    8       -6.50        0.54       0.6851      5.975
    9       -6.54        0.79       0.6221      5.496


STDERR:
