CMD: /home/aoxu/projects/PoseBench/forks/GNINA/gnina -r /mnt/katritch_lab2/aoxu/contrasCF/analysis/ligand_mutagenesis/outputs/1z6e/halo_Cl_1/docking/receptor.pdb -l /mnt/katritch_lab2/aoxu/contrasCF/analysis/ligand_mutagenesis/outputs/1z6e/halo_Cl_1/docking/ligand.sdf --center_x 7.562026315789474 --center_y 30.350684210526317 --center_z 56.63665789473685 --size_x 25.0 --size_y 25.0 --size_z 25.0 --cnn_scoring rescore --num_modes 9 --exhaustiveness 8 --seed 42 -o /mnt/katritch_lab2/aoxu/contrasCF/analysis/ligand_mutagenesis/outputs/1z6e/halo_Cl_1/gnina/poses.sdf

STDOUT:
              _             
             (_)            
   __ _ _ __  _ _ __   __ _ 
  / _` | '_ \| | '_ \ / _` |
 | (_| | | | | | | | | (_| |
  \__, |_| |_|_|_| |_|\__,_|
   __/ |                    
  |___/                     

gnina v1.3 master:97fa6bc+   Built Oct  3 2024.
gnina is based on smina and AutoDock Vina.
Please cite appropriately.

Commandline: /home/aoxu/projects/PoseBench/forks/GNINA/gnina -r /mnt/katritch_lab2/aoxu/contrasCF/analysis/ligand_mutagenesis/outputs/1z6e/halo_Cl_1/docking/receptor.pdb -l /mnt/katritch_lab2/aoxu/contrasCF/analysis/ligand_mutagenesis/outputs/1z6e/halo_Cl_1/docking/ligand.sdf --center_x 7.562026315789474 --center_y 30.350684210526317 --center_z 56.63665789473685 --size_x 25.0 --size_y 25.0 --size_z 25.0 --cnn_scoring rescore --num_modes 9 --exhaustiveness 8 --seed 42 -o /mnt/katritch_lab2/aoxu/contrasCF/analysis/ligand_mutagenesis/outputs/1z6e/halo_Cl_1/gnina/poses.sdf
Using random seed: 42

0%   10   20   30   40   50   60   70   80   90   100%
|----|----|----|----|----|----|----|----|----|----|
***************************************************
 | pose 0 | initial pose not within box

mode |  affinity  |  intramol  |    CNN     |   CNN
     | (kcal/mol) | (kcal/mol) | pose score | affinity
-----+------------+------------+------------+----------
    1      -11.46       -0.56       0.9849      8.834
    2      -10.06       -1.05       0.9741      8.599
    3      -11.11       -1.32       0.9671      8.668
    4       -9.64       -1.18       0.9141      8.312
    5       -9.15       -1.16       0.8152      7.953
    6       -9.69       -1.24       0.4889      7.796
    7       -9.60       -1.26       0.3144      7.487
    8       -9.20        0.00       0.2665      7.214
    9       -7.18       -0.54       0.2044      6.286


STDERR:
