CMD: /home/aoxu/projects/PoseBench/forks/GNINA/gnina -r /mnt/katritch_lab2/aoxu/contrasCF/analysis/ligand_mutagenesis/outputs/3rlr/halo_F_1/docking/receptor.pdb -l /mnt/katritch_lab2/aoxu/contrasCF/analysis/ligand_mutagenesis/outputs/3rlr/halo_F_1/docking/ligand.sdf --center_x 14.35986956521739 --center_y -0.7228260869565217 --center_z 51.159043478260884 --size_x 25.0 --size_y 25.0 --size_z 25.0 --cnn_scoring rescore --num_modes 9 --exhaustiveness 8 --seed 42 -o /mnt/katritch_lab2/aoxu/contrasCF/analysis/ligand_mutagenesis/outputs/3rlr/halo_F_1/gnina/poses.sdf

STDOUT:
              _             
             (_)            
   __ _ _ __  _ _ __   __ _ 
  / _` | '_ \| | '_ \ / _` |
 | (_| | | | | | | | | (_| |
  \__, |_| |_|_|_| |_|\__,_|
   __/ |                    
  |___/                     

gnina v1.3 master:97fa6bc+   Built Oct  3 2024.
gnina is based on smina and AutoDock Vina.
Please cite appropriately.

Commandline: /home/aoxu/projects/PoseBench/forks/GNINA/gnina -r /mnt/katritch_lab2/aoxu/contrasCF/analysis/ligand_mutagenesis/outputs/3rlr/halo_F_1/docking/receptor.pdb -l /mnt/katritch_lab2/aoxu/contrasCF/analysis/ligand_mutagenesis/outputs/3rlr/halo_F_1/docking/ligand.sdf --center_x 14.35986956521739 --center_y -0.7228260869565217 --center_z 51.159043478260884 --size_x 25.0 --size_y 25.0 --size_z 25.0 --cnn_scoring rescore --num_modes 9 --exhaustiveness 8 --seed 42 -o /mnt/katritch_lab2/aoxu/contrasCF/analysis/ligand_mutagenesis/outputs/3rlr/halo_F_1/gnina/poses.sdf
Using random seed: 42

0%   10   20   30   40   50   60   70   80   90   100%
|----|----|----|----|----|----|----|----|----|----|
***************************************************
 | pose 0 | initial pose not within box

mode |  affinity  |  intramol  |    CNN     |   CNN
     | (kcal/mol) | (kcal/mol) | pose score | affinity
-----+------------+------------+------------+----------
    1       -9.12       -0.75       0.9552      7.759
    2       -8.36       -0.70       0.7760      7.266
    3       -6.48       -0.72       0.2545      5.964
    4       -6.53        0.87       0.2095      6.456
    5       -7.63       -0.47       0.2044      6.494
    6       -5.86       -0.67       0.1952      5.655
    7       -6.63       -0.73       0.1775      5.518
    8       -7.32       -0.53       0.1744      5.950
    9       -6.62       -0.87       0.1541      5.141


STDERR:
