CMD: /home/aoxu/projects/PoseBench/forks/GNINA/gnina -r /mnt/katritch_lab2/aoxu/contrasCF/analysis/ligand_mutagenesis/outputs/1qf1/chrg_neu_methyl/docking/receptor.pdb -l /mnt/katritch_lab2/aoxu/contrasCF/analysis/ligand_mutagenesis/outputs/1qf1/chrg_neu_methyl/docking/ligand.sdf --center_x 36.42246153846154 --center_y 40.84661538461539 --center_z -3.9491923076923072 --size_x 25.0 --size_y 25.0 --size_z 25.0 --cnn_scoring rescore --num_modes 9 --exhaustiveness 8 --seed 42 -o /mnt/katritch_lab2/aoxu/contrasCF/analysis/ligand_mutagenesis/outputs/1qf1/chrg_neu_methyl/gnina/poses.sdf

STDOUT:
              _             
             (_)            
   __ _ _ __  _ _ __   __ _ 
  / _` | '_ \| | '_ \ / _` |
 | (_| | | | | | | | | (_| |
  \__, |_| |_|_|_| |_|\__,_|
   __/ |                    
  |___/                     

gnina v1.3 master:97fa6bc+   Built Oct  3 2024.
gnina is based on smina and AutoDock Vina.
Please cite appropriately.

Commandline: /home/aoxu/projects/PoseBench/forks/GNINA/gnina -r /mnt/katritch_lab2/aoxu/contrasCF/analysis/ligand_mutagenesis/outputs/1qf1/chrg_neu_methyl/docking/receptor.pdb -l /mnt/katritch_lab2/aoxu/contrasCF/analysis/ligand_mutagenesis/outputs/1qf1/chrg_neu_methyl/docking/ligand.sdf --center_x 36.42246153846154 --center_y 40.84661538461539 --center_z -3.9491923076923072 --size_x 25.0 --size_y 25.0 --size_z 25.0 --cnn_scoring rescore --num_modes 9 --exhaustiveness 8 --seed 42 -o /mnt/katritch_lab2/aoxu/contrasCF/analysis/ligand_mutagenesis/outputs/1qf1/chrg_neu_methyl/gnina/poses.sdf
Using random seed: 42

0%   10   20   30   40   50   60   70   80   90   100%
|----|----|----|----|----|----|----|----|----|----|
***************************************************
 | pose 0 | initial pose not within box

mode |  affinity  |  intramol  |    CNN     |   CNN
     | (kcal/mol) | (kcal/mol) | pose score | affinity
-----+------------+------------+------------+----------
    1       -7.79       -1.41       0.9609      7.592
    2       -7.86        1.39       0.9349      7.591
    3       -7.50       -1.38       0.9261      7.668
    4       -7.48       -0.14       0.8895      7.484
    5       -7.22        0.26       0.8733      7.168
    6       -5.82       -0.21       0.7562      6.713
    7       -5.34        0.39       0.6847      6.527
    8       -7.41       -0.31       0.6212      7.069
    9       -5.38       -0.61       0.6189      6.230


STDERR:
