CMD: /home/aoxu/projects/PoseBench/forks/GNINA/gnina -r /mnt/katritch_lab2/aoxu/contrasCF/analysis/ligand_mutagenesis/outputs/3g31/chrg_neu_methyl/docking/receptor.pdb -l /mnt/katritch_lab2/aoxu/contrasCF/analysis/ligand_mutagenesis/outputs/3g31/chrg_neu_methyl/docking/ligand.sdf --center_x -0.9872941176470585 --center_y 40.698 --center_z 24.09788235294118 --size_x 25.0 --size_y 25.0 --size_z 25.0 --cnn_scoring rescore --num_modes 9 --exhaustiveness 8 --seed 42 -o /mnt/katritch_lab2/aoxu/contrasCF/analysis/ligand_mutagenesis/outputs/3g31/chrg_neu_methyl/gnina/poses.sdf

STDOUT:
              _             
             (_)            
   __ _ _ __  _ _ __   __ _ 
  / _` | '_ \| | '_ \ / _` |
 | (_| | | | | | | | | (_| |
  \__, |_| |_|_|_| |_|\__,_|
   __/ |                    
  |___/                     

gnina v1.3 master:97fa6bc+   Built Oct  3 2024.
gnina is based on smina and AutoDock Vina.
Please cite appropriately.

Commandline: /home/aoxu/projects/PoseBench/forks/GNINA/gnina -r /mnt/katritch_lab2/aoxu/contrasCF/analysis/ligand_mutagenesis/outputs/3g31/chrg_neu_methyl/docking/receptor.pdb -l /mnt/katritch_lab2/aoxu/contrasCF/analysis/ligand_mutagenesis/outputs/3g31/chrg_neu_methyl/docking/ligand.sdf --center_x -0.9872941176470585 --center_y 40.698 --center_z 24.09788235294118 --size_x 25.0 --size_y 25.0 --size_z 25.0 --cnn_scoring rescore --num_modes 9 --exhaustiveness 8 --seed 42 -o /mnt/katritch_lab2/aoxu/contrasCF/analysis/ligand_mutagenesis/outputs/3g31/chrg_neu_methyl/gnina/poses.sdf
Using random seed: 42

0%   10   20   30   40   50   60   70   80   90   100%
|----|----|----|----|----|----|----|----|----|----|
***************************************************
 | pose 0 | initial pose not within box

mode |  affinity  |  intramol  |    CNN     |   CNN
     | (kcal/mol) | (kcal/mol) | pose score | affinity
-----+------------+------------+------------+----------
    1       -4.01        0.72       0.6215      5.527
    2       -5.16        1.12       0.5991      5.165
    3       -3.88       -0.76       0.5788      5.029
    4       -4.28       -0.38       0.5332      5.089
    5       -4.82       -0.15       0.5295      5.132
    6       -4.14        1.01       0.5048      4.996
    7       -3.84       -0.72       0.4693      4.753
    8       -4.78       -0.85       0.4587      5.108
    9       -3.93       -0.45       0.4485      4.781


STDERR:
