CMD: /home/aoxu/projects/PoseBench/forks/GNINA/gnina -r /mnt/katritch_lab2/aoxu/contrasCF/analysis/ligand_mutagenesis/outputs/3fv1/chrg_neu_propyl/docking/receptor.pdb -l /mnt/katritch_lab2/aoxu/contrasCF/analysis/ligand_mutagenesis/outputs/3fv1/chrg_neu_propyl/docking/ligand.sdf --center_x -7.987714285714288 --center_y 15.012619047619047 --center_z 19.997904761904763 --size_x 25.0 --size_y 25.0 --size_z 25.0 --cnn_scoring rescore --num_modes 9 --exhaustiveness 8 --seed 42 -o /mnt/katritch_lab2/aoxu/contrasCF/analysis/ligand_mutagenesis/outputs/3fv1/chrg_neu_propyl/gnina/poses.sdf

STDOUT:
              _             
             (_)            
   __ _ _ __  _ _ __   __ _ 
  / _` | '_ \| | '_ \ / _` |
 | (_| | | | | | | | | (_| |
  \__, |_| |_|_|_| |_|\__,_|
   __/ |                    
  |___/                     

gnina v1.3 master:97fa6bc+   Built Oct  3 2024.
gnina is based on smina and AutoDock Vina.
Please cite appropriately.

Commandline: /home/aoxu/projects/PoseBench/forks/GNINA/gnina -r /mnt/katritch_lab2/aoxu/contrasCF/analysis/ligand_mutagenesis/outputs/3fv1/chrg_neu_propyl/docking/receptor.pdb -l /mnt/katritch_lab2/aoxu/contrasCF/analysis/ligand_mutagenesis/outputs/3fv1/chrg_neu_propyl/docking/ligand.sdf --center_x -7.987714285714288 --center_y 15.012619047619047 --center_z 19.997904761904763 --size_x 25.0 --size_y 25.0 --size_z 25.0 --cnn_scoring rescore --num_modes 9 --exhaustiveness 8 --seed 42 -o /mnt/katritch_lab2/aoxu/contrasCF/analysis/ligand_mutagenesis/outputs/3fv1/chrg_neu_propyl/gnina/poses.sdf
Using random seed: 42

0%   10   20   30   40   50   60   70   80   90   100%
|----|----|----|----|----|----|----|----|----|----|
***************************************************
 | pose 0 | initial pose not within box
 | pose 0 | ligand outside box
 | pose 0 | ligand outside box
 | pose 0 | ligand outside box
 | pose 0 | ligand outside box
 | pose 0 | ligand outside box
 | pose 0 | ligand outside box
 | pose 0 | initial pose not within box
 | pose 0 | ligand outside box
 | pose 0 | ligand outside box
 | pose 0 | ligand outside box
 | pose 0 | ligand outside box
 | pose 0 | ligand outside box
 | pose 0 | ligand outside box
 | pose 0 | ligand outside box
 | pose 0 | ligand outside box
 | pose 0 | ligand outside box
 | pose 0 | ligand outside box
 | pose 0 | ligand outside box
 | pose 0 | initial pose not within box
 | pose 0 | ligand outside box
 | pose 0 | ligand outside box
 | pose 0 | ligand outside box
 | pose 0 | ligand outside box
 | pose 0 | ligand outside box

mode |  affinity  |  intramol  |    CNN     |   CNN
     | (kcal/mol) | (kcal/mol) | pose score | affinity
-----+------------+------------+------------+----------
    1        3.82        5.89       0.7112      7.566
    2        4.60        1.66       0.4680      6.774
    3        3.50        0.97       0.4094      6.594
    4        4.77        5.95       0.3223      5.844
    5        1.72        6.46       0.2671      6.338
    6        3.68        4.68       0.2596      5.902
    7        2.94        2.28       0.2488      6.472
    8        3.02        3.17       0.2353      6.025
    9        2.77        2.78       0.2273      6.250


STDERR:
