CMD: /home/aoxu/projects/PoseBench/forks/GNINA/gnina -r /mnt/katritch_lab2/aoxu/contrasCF/analysis/ligand_mutagenesis/outputs/1p1n/chrg_neu_methyl/docking/receptor.pdb -l /mnt/katritch_lab2/aoxu/contrasCF/analysis/ligand_mutagenesis/outputs/1p1n/chrg_neu_methyl/docking/ligand.sdf --center_x 15.652333333333333 --center_y 2.167933333333333 --center_z 15.6094 --size_x 25.0 --size_y 25.0 --size_z 25.0 --cnn_scoring rescore --num_modes 9 --exhaustiveness 8 --seed 42 -o /mnt/katritch_lab2/aoxu/contrasCF/analysis/ligand_mutagenesis/outputs/1p1n/chrg_neu_methyl/gnina/poses.sdf

STDOUT:
              _             
             (_)            
   __ _ _ __  _ _ __   __ _ 
  / _` | '_ \| | '_ \ / _` |
 | (_| | | | | | | | | (_| |
  \__, |_| |_|_|_| |_|\__,_|
   __/ |                    
  |___/                     

gnina v1.3 master:97fa6bc+   Built Oct  3 2024.
gnina is based on smina and AutoDock Vina.
Please cite appropriately.

Commandline: /home/aoxu/projects/PoseBench/forks/GNINA/gnina -r /mnt/katritch_lab2/aoxu/contrasCF/analysis/ligand_mutagenesis/outputs/1p1n/chrg_neu_methyl/docking/receptor.pdb -l /mnt/katritch_lab2/aoxu/contrasCF/analysis/ligand_mutagenesis/outputs/1p1n/chrg_neu_methyl/docking/ligand.sdf --center_x 15.652333333333333 --center_y 2.167933333333333 --center_z 15.6094 --size_x 25.0 --size_y 25.0 --size_z 25.0 --cnn_scoring rescore --num_modes 9 --exhaustiveness 8 --seed 42 -o /mnt/katritch_lab2/aoxu/contrasCF/analysis/ligand_mutagenesis/outputs/1p1n/chrg_neu_methyl/gnina/poses.sdf
Using random seed: 42

0%   10   20   30   40   50   60   70   80   90   100%
|----|----|----|----|----|----|----|----|----|----|
***************************************************
 | pose 0 | initial pose not within box

mode |  affinity  |  intramol  |    CNN     |   CNN
     | (kcal/mol) | (kcal/mol) | pose score | affinity
-----+------------+------------+------------+----------
    1       -4.19       -0.42       0.2420      4.495
    2       -4.29       -0.64       0.1820      3.311
    3       -4.71       -0.75       0.1781      3.723
    4       -4.53       -0.32       0.1600      3.125
    5       -4.41       -1.01       0.1479      3.616
    6       -4.67       -0.72       0.1477      3.892
    7       -4.28       -0.75       0.1462      3.733
    8       -5.10       -1.11       0.1424      3.275
    9       -4.46       -0.43       0.1422      4.039


STDERR:
