CMD: /home/aoxu/projects/PoseBench/forks/GNINA/gnina -r /mnt/katritch_lab2/aoxu/contrasCF/analysis/ligand_mutagenesis/outputs/2r9w/chrg_pos_2/docking/receptor.pdb -l /mnt/katritch_lab2/aoxu/contrasCF/analysis/ligand_mutagenesis/outputs/2r9w/chrg_pos_2/docking/ligand.sdf --center_x 22.6641724137931 --center_y 6.689551724137932 --center_z 14.24434482758621 --size_x 25.0 --size_y 25.0 --size_z 25.0 --cnn_scoring rescore --num_modes 9 --exhaustiveness 8 --seed 42 -o /mnt/katritch_lab2/aoxu/contrasCF/analysis/ligand_mutagenesis/outputs/2r9w/chrg_pos_2/gnina/poses.sdf

STDOUT:
              _             
             (_)            
   __ _ _ __  _ _ __   __ _ 
  / _` | '_ \| | '_ \ / _` |
 | (_| | | | | | | | | (_| |
  \__, |_| |_|_|_| |_|\__,_|
   __/ |                    
  |___/                     

gnina v1.3 master:97fa6bc+   Built Oct  3 2024.
gnina is based on smina and AutoDock Vina.
Please cite appropriately.

Commandline: /home/aoxu/projects/PoseBench/forks/GNINA/gnina -r /mnt/katritch_lab2/aoxu/contrasCF/analysis/ligand_mutagenesis/outputs/2r9w/chrg_pos_2/docking/receptor.pdb -l /mnt/katritch_lab2/aoxu/contrasCF/analysis/ligand_mutagenesis/outputs/2r9w/chrg_pos_2/docking/ligand.sdf --center_x 22.6641724137931 --center_y 6.689551724137932 --center_z 14.24434482758621 --size_x 25.0 --size_y 25.0 --size_z 25.0 --cnn_scoring rescore --num_modes 9 --exhaustiveness 8 --seed 42 -o /mnt/katritch_lab2/aoxu/contrasCF/analysis/ligand_mutagenesis/outputs/2r9w/chrg_pos_2/gnina/poses.sdf
Using random seed: 42

0%   10   20   30   40   50   60   70   80   90   100%
|----|----|----|----|----|----|----|----|----|----|
***************************************************
 | pose 0 | initial pose not within box

mode |  affinity  |  intramol  |    CNN     |   CNN
     | (kcal/mol) | (kcal/mol) | pose score | affinity
-----+------------+------------+------------+----------
    1       -7.75        0.81       0.4176      5.224
    2       -7.28       -0.27       0.3612      5.209
    3       -8.22        0.69       0.3309      5.489
    4       -7.71        1.14       0.3271      5.707
    5       -6.92       -0.45       0.3083      4.763
    6       -8.07        0.11       0.2868      4.727
    7       -6.84       -0.72       0.2628      5.504
    8       -7.85        0.37       0.2533      5.428
    9       -9.21       -0.12       0.2430      4.949


STDERR:
