CMD: /home/aoxu/projects/PoseBench/forks/GNINA/gnina -r /mnt/katritch_lab2/aoxu/contrasCF/analysis/ligand_mutagenesis/outputs/1o0h/chrg_neu_ethyl/docking/receptor.pdb -l /mnt/katritch_lab2/aoxu/contrasCF/analysis/ligand_mutagenesis/outputs/1o0h/chrg_neu_ethyl/docking/ligand.sdf --center_x 36.929925925925914 --center_y 5.59062962962963 --center_z 17.315481481481484 --size_x 25.0 --size_y 25.0 --size_z 25.0 --cnn_scoring rescore --num_modes 9 --exhaustiveness 8 --seed 42 -o /mnt/katritch_lab2/aoxu/contrasCF/analysis/ligand_mutagenesis/outputs/1o0h/chrg_neu_ethyl/gnina/poses.sdf

STDOUT:
              _             
             (_)            
   __ _ _ __  _ _ __   __ _ 
  / _` | '_ \| | '_ \ / _` |
 | (_| | | | | | | | | (_| |
  \__, |_| |_|_|_| |_|\__,_|
   __/ |                    
  |___/                     

gnina v1.3 master:97fa6bc+   Built Oct  3 2024.
gnina is based on smina and AutoDock Vina.
Please cite appropriately.

Commandline: /home/aoxu/projects/PoseBench/forks/GNINA/gnina -r /mnt/katritch_lab2/aoxu/contrasCF/analysis/ligand_mutagenesis/outputs/1o0h/chrg_neu_ethyl/docking/receptor.pdb -l /mnt/katritch_lab2/aoxu/contrasCF/analysis/ligand_mutagenesis/outputs/1o0h/chrg_neu_ethyl/docking/ligand.sdf --center_x 36.929925925925914 --center_y 5.59062962962963 --center_z 17.315481481481484 --size_x 25.0 --size_y 25.0 --size_z 25.0 --cnn_scoring rescore --num_modes 9 --exhaustiveness 8 --seed 42 -o /mnt/katritch_lab2/aoxu/contrasCF/analysis/ligand_mutagenesis/outputs/1o0h/chrg_neu_ethyl/gnina/poses.sdf
Using random seed: 42

0%   10   20   30   40   50   60   70   80   90   100%
|----|----|----|----|----|----|----|----|----|----|
***************************************************
 | pose 0 | initial pose not within box

mode |  affinity  |  intramol  |    CNN     |   CNN
     | (kcal/mol) | (kcal/mol) | pose score | affinity
-----+------------+------------+------------+----------
    1       -5.14       -0.65       0.8042      4.739
    2       -5.01       -0.70       0.7432      5.070
    3       -5.73       -0.52       0.7345      4.459
    4       -5.34       -0.19       0.7049      4.340
    5       -5.21       -1.04       0.5187      4.829
    6       -5.19       -0.63       0.4819      4.267
    7       -5.35       -0.50       0.4397      4.777
    8       -5.54       -0.30       0.4243      4.859
    9       -6.41        0.28       0.4073      4.922


STDERR:
