CMD: /home/aoxu/projects/PoseBench/forks/GNINA/gnina -r /mnt/katritch_lab2/aoxu/contrasCF/analysis/ligand_mutagenesis/outputs/4kz6/chrg_neu_methyl/docking/receptor.pdb -l /mnt/katritch_lab2/aoxu/contrasCF/analysis/ligand_mutagenesis/outputs/4kz6/chrg_neu_methyl/docking/ligand.sdf --center_x 79.37773333333334 --center_y 6.445733333333333 --center_z 29.244533333333333 --size_x 25.0 --size_y 25.0 --size_z 25.0 --cnn_scoring rescore --num_modes 9 --exhaustiveness 8 --seed 42 -o /mnt/katritch_lab2/aoxu/contrasCF/analysis/ligand_mutagenesis/outputs/4kz6/chrg_neu_methyl/gnina/poses.sdf

STDOUT:
              _             
             (_)            
   __ _ _ __  _ _ __   __ _ 
  / _` | '_ \| | '_ \ / _` |
 | (_| | | | | | | | | (_| |
  \__, |_| |_|_|_| |_|\__,_|
   __/ |                    
  |___/                     

gnina v1.3 master:97fa6bc+   Built Oct  3 2024.
gnina is based on smina and AutoDock Vina.
Please cite appropriately.

Commandline: /home/aoxu/projects/PoseBench/forks/GNINA/gnina -r /mnt/katritch_lab2/aoxu/contrasCF/analysis/ligand_mutagenesis/outputs/4kz6/chrg_neu_methyl/docking/receptor.pdb -l /mnt/katritch_lab2/aoxu/contrasCF/analysis/ligand_mutagenesis/outputs/4kz6/chrg_neu_methyl/docking/ligand.sdf --center_x 79.37773333333334 --center_y 6.445733333333333 --center_z 29.244533333333333 --size_x 25.0 --size_y 25.0 --size_z 25.0 --cnn_scoring rescore --num_modes 9 --exhaustiveness 8 --seed 42 -o /mnt/katritch_lab2/aoxu/contrasCF/analysis/ligand_mutagenesis/outputs/4kz6/chrg_neu_methyl/gnina/poses.sdf
Using random seed: 42

0%   10   20   30   40   50   60   70   80   90   100%
|----|----|----|----|----|----|----|----|----|----|
***************************************************
 | pose 0 | initial pose not within box

mode |  affinity  |  intramol  |    CNN     |   CNN
     | (kcal/mol) | (kcal/mol) | pose score | affinity
-----+------------+------------+------------+----------
    1       -4.49        0.29       0.6778      4.854
    2       -4.61        0.46       0.6058      4.786
    3       -5.32        0.31       0.5781      4.516
    4       -4.07        0.39       0.5495      4.692
    5       -4.78        0.38       0.5417      4.168
    6       -4.84        0.58       0.5375      4.631
    7       -4.32        0.33       0.5329      4.552
    8       -4.25       -0.80       0.5324      4.606
    9       -4.36       -0.76       0.5085      4.672


STDERR:
