CMD: /home/aoxu/projects/PoseBench/forks/GNINA/gnina -r /mnt/katritch_lab2/aoxu/contrasCF/analysis/ligand_mutagenesis/outputs/3ehy/chrg_pos_2/docking/receptor.pdb -l /mnt/katritch_lab2/aoxu/contrasCF/analysis/ligand_mutagenesis/outputs/3ehy/chrg_pos_2/docking/ligand.sdf --center_x -2.276823529411765 --center_y -4.730294117647059 --center_z -5.961529411764706 --size_x 25.0 --size_y 25.0 --size_z 25.0 --cnn_scoring rescore --num_modes 9 --exhaustiveness 8 --seed 42 -o /mnt/katritch_lab2/aoxu/contrasCF/analysis/ligand_mutagenesis/outputs/3ehy/chrg_pos_2/gnina/poses.sdf

STDOUT:
              _             
             (_)            
   __ _ _ __  _ _ __   __ _ 
  / _` | '_ \| | '_ \ / _` |
 | (_| | | | | | | | | (_| |
  \__, |_| |_|_|_| |_|\__,_|
   __/ |                    
  |___/                     

gnina v1.3 master:97fa6bc+   Built Oct  3 2024.
gnina is based on smina and AutoDock Vina.
Please cite appropriately.

Commandline: /home/aoxu/projects/PoseBench/forks/GNINA/gnina -r /mnt/katritch_lab2/aoxu/contrasCF/analysis/ligand_mutagenesis/outputs/3ehy/chrg_pos_2/docking/receptor.pdb -l /mnt/katritch_lab2/aoxu/contrasCF/analysis/ligand_mutagenesis/outputs/3ehy/chrg_pos_2/docking/ligand.sdf --center_x -2.276823529411765 --center_y -4.730294117647059 --center_z -5.961529411764706 --size_x 25.0 --size_y 25.0 --size_z 25.0 --cnn_scoring rescore --num_modes 9 --exhaustiveness 8 --seed 42 -o /mnt/katritch_lab2/aoxu/contrasCF/analysis/ligand_mutagenesis/outputs/3ehy/chrg_pos_2/gnina/poses.sdf
Using random seed: 42

0%   10   20   30   40   50   60   70   80   90   100%
|----|----|----|----|----|----|----|----|----|----|
***************************************************

mode |  affinity  |  intramol  |    CNN     |   CNN
     | (kcal/mol) | (kcal/mol) | pose score | affinity
-----+------------+------------+------------+----------
    1       -6.21       -0.15       0.9044      5.751
    2       -6.78        0.64       0.8555      5.693
    3       -7.48        0.65       0.7417      5.071
    4       -6.69        1.71       0.6994      5.435
    5       -7.42        1.74       0.6648      5.098
    6       -6.60       -0.03       0.5947      5.694
    7       -6.44        3.81       0.5666      5.345
    8       -5.70        0.29       0.5561      4.613
    9       -6.03        1.94       0.5460      5.223


STDERR:
