CMD: /home/aoxu/projects/PoseBench/forks/GNINA/gnina -r /mnt/katritch_lab2/aoxu/contrasCF/analysis/ligand_mutagenesis/outputs/4agn/halo_Br_1/docking/receptor.pdb -l /mnt/katritch_lab2/aoxu/contrasCF/analysis/ligand_mutagenesis/outputs/4agn/halo_Br_1/docking/ligand.sdf --center_x 91.50975000000001 --center_y 97.28824999999996 --center_z -44.631041666666654 --size_x 25.0 --size_y 25.0 --size_z 25.0 --cnn_scoring rescore --num_modes 9 --exhaustiveness 8 --seed 42 -o /mnt/katritch_lab2/aoxu/contrasCF/analysis/ligand_mutagenesis/outputs/4agn/halo_Br_1/gnina/poses.sdf

STDOUT:
              _             
             (_)            
   __ _ _ __  _ _ __   __ _ 
  / _` | '_ \| | '_ \ / _` |
 | (_| | | | | | | | | (_| |
  \__, |_| |_|_|_| |_|\__,_|
   __/ |                    
  |___/                     

gnina v1.3 master:97fa6bc+   Built Oct  3 2024.
gnina is based on smina and AutoDock Vina.
Please cite appropriately.

Commandline: /home/aoxu/projects/PoseBench/forks/GNINA/gnina -r /mnt/katritch_lab2/aoxu/contrasCF/analysis/ligand_mutagenesis/outputs/4agn/halo_Br_1/docking/receptor.pdb -l /mnt/katritch_lab2/aoxu/contrasCF/analysis/ligand_mutagenesis/outputs/4agn/halo_Br_1/docking/ligand.sdf --center_x 91.50975000000001 --center_y 97.28824999999996 --center_z -44.631041666666654 --size_x 25.0 --size_y 25.0 --size_z 25.0 --cnn_scoring rescore --num_modes 9 --exhaustiveness 8 --seed 42 -o /mnt/katritch_lab2/aoxu/contrasCF/analysis/ligand_mutagenesis/outputs/4agn/halo_Br_1/gnina/poses.sdf
Using random seed: 42

0%   10   20   30   40   50   60   70   80   90   100%
|----|----|----|----|----|----|----|----|----|----|
***************************************************
 | pose 0 | initial pose not within box

mode |  affinity  |  intramol  |    CNN     |   CNN
     | (kcal/mol) | (kcal/mol) | pose score | affinity
-----+------------+------------+------------+----------
    1       -5.01       -0.99       0.6624      5.285
    2       -4.66       -1.18       0.6016      5.517
    3       -5.56       -0.32       0.5577      5.377
    4       -4.08       -0.24       0.2818      4.946
    5       -4.17       -0.06       0.2464      4.424
    6       -4.14       -1.07       0.2358      4.649
    7       -4.53       -0.80       0.2232      4.887
    8       -5.07        0.26       0.2027      5.513
    9       -3.77        0.25       0.1966      4.535


STDERR:
