CMD: /home/aoxu/projects/PoseBench/forks/GNINA/gnina -r /mnt/katritch_lab2/aoxu/contrasCF/analysis/ligand_mutagenesis/outputs/1u1b/chrg_neu_propyl/docking/receptor.pdb -l /mnt/katritch_lab2/aoxu/contrasCF/analysis/ligand_mutagenesis/outputs/1u1b/chrg_neu_propyl/docking/ligand.sdf --center_x -27.78441176470588 --center_y -29.322411764705883 --center_z 16.480039215686276 --size_x 25.0 --size_y 25.0 --size_z 25.0 --cnn_scoring rescore --num_modes 9 --exhaustiveness 8 --seed 42 -o /mnt/katritch_lab2/aoxu/contrasCF/analysis/ligand_mutagenesis/outputs/1u1b/chrg_neu_propyl/gnina/poses.sdf

STDOUT:
              _             
             (_)            
   __ _ _ __  _ _ __   __ _ 
  / _` | '_ \| | '_ \ / _` |
 | (_| | | | | | | | | (_| |
  \__, |_| |_|_|_| |_|\__,_|
   __/ |                    
  |___/                     

gnina v1.3 master:97fa6bc+   Built Oct  3 2024.
gnina is based on smina and AutoDock Vina.
Please cite appropriately.

Commandline: /home/aoxu/projects/PoseBench/forks/GNINA/gnina -r /mnt/katritch_lab2/aoxu/contrasCF/analysis/ligand_mutagenesis/outputs/1u1b/chrg_neu_propyl/docking/receptor.pdb -l /mnt/katritch_lab2/aoxu/contrasCF/analysis/ligand_mutagenesis/outputs/1u1b/chrg_neu_propyl/docking/ligand.sdf --center_x -27.78441176470588 --center_y -29.322411764705883 --center_z 16.480039215686276 --size_x 25.0 --size_y 25.0 --size_z 25.0 --cnn_scoring rescore --num_modes 9 --exhaustiveness 8 --seed 42 -o /mnt/katritch_lab2/aoxu/contrasCF/analysis/ligand_mutagenesis/outputs/1u1b/chrg_neu_propyl/gnina/poses.sdf
Using random seed: 42

0%   10   20   30   40   50   60   70   80   90   100%
|----|----|----|----|----|----|----|----|----|----|
***************************************************
 | pose 0 | initial pose not within box

mode |  affinity  |  intramol  |    CNN     |   CNN
     | (kcal/mol) | (kcal/mol) | pose score | affinity
-----+------------+------------+------------+----------
    1       -7.22        0.64       0.7926      6.572
    2       -7.18       -0.28       0.7280      6.799
    3       -6.07       -0.57       0.6318      6.568
    4       -6.43       -0.30       0.5754      6.285
    5       -5.60        0.36       0.5148      6.005
    6       -6.86       -0.57       0.4438      5.889
    7       -6.71       -0.04       0.3974      5.859
    8       -7.11        0.23       0.3729      5.854
    9       -6.61        0.04       0.3550      6.087


STDERR:
