CMD: /home/aoxu/projects/PoseBench/forks/GNINA/gnina -r /mnt/katritch_lab2/aoxu/contrasCF/analysis/ligand_mutagenesis/outputs/3rr4/wt/docking/receptor.pdb -l /mnt/katritch_lab2/aoxu/contrasCF/analysis/ligand_mutagenesis/outputs/3rr4/wt/docking/ligand.sdf --center_x 17.37666666666667 --center_y 17.34561111111111 --center_z 20.343055555555555 --size_x 25.0 --size_y 25.0 --size_z 25.0 --cnn_scoring rescore --num_modes 9 --exhaustiveness 8 --seed 42 -o /mnt/katritch_lab2/aoxu/contrasCF/analysis/ligand_mutagenesis/outputs/3rr4/wt/gnina/poses.sdf

STDOUT:
              _             
             (_)            
   __ _ _ __  _ _ __   __ _ 
  / _` | '_ \| | '_ \ / _` |
 | (_| | | | | | | | | (_| |
  \__, |_| |_|_|_| |_|\__,_|
   __/ |                    
  |___/                     

gnina v1.3 master:97fa6bc+   Built Oct  3 2024.
gnina is based on smina and AutoDock Vina.
Please cite appropriately.

Commandline: /home/aoxu/projects/PoseBench/forks/GNINA/gnina -r /mnt/katritch_lab2/aoxu/contrasCF/analysis/ligand_mutagenesis/outputs/3rr4/wt/docking/receptor.pdb -l /mnt/katritch_lab2/aoxu/contrasCF/analysis/ligand_mutagenesis/outputs/3rr4/wt/docking/ligand.sdf --center_x 17.37666666666667 --center_y 17.34561111111111 --center_z 20.343055555555555 --size_x 25.0 --size_y 25.0 --size_z 25.0 --cnn_scoring rescore --num_modes 9 --exhaustiveness 8 --seed 42 -o /mnt/katritch_lab2/aoxu/contrasCF/analysis/ligand_mutagenesis/outputs/3rr4/wt/gnina/poses.sdf
Using random seed: 42

0%   10   20   30   40   50   60   70   80   90   100%
|----|----|----|----|----|----|----|----|----|----|
***************************************************
 | pose 0 | initial pose not within box

mode |  affinity  |  intramol  |    CNN     |   CNN
     | (kcal/mol) | (kcal/mol) | pose score | affinity
-----+------------+------------+------------+----------
    1       -8.85       -0.09       0.9884      6.566
    2       -6.80       -0.10       0.6005      5.780
    3       -4.80       -0.11       0.4107      5.074
    4       -7.19       -0.09       0.3785      5.358
    5       -4.79       -0.10       0.3680      5.127
    6       -5.01       -0.10       0.2792      4.906
    7       -5.03       -0.10       0.2452      4.995
    8       -7.84       -0.10       0.2211      5.127
    9       -5.49       -0.10       0.1808      4.505


STDERR:
