CMD: /home/aoxu/projects/PoseBench/forks/GNINA/gnina -r /mnt/katritch_lab2/aoxu/contrasCF/analysis/ligand_mutagenesis/outputs/1g2k/halo_Cl_1/docking/receptor.pdb -l /mnt/katritch_lab2/aoxu/contrasCF/analysis/ligand_mutagenesis/outputs/1g2k/halo_Cl_1/docking/ligand.sdf --center_x 12.105622222222221 --center_y 23.491622222222222 --center_z 5.472688888888889 --size_x 25.0 --size_y 25.0 --size_z 25.0 --cnn_scoring rescore --num_modes 9 --exhaustiveness 8 --seed 42 -o /mnt/katritch_lab2/aoxu/contrasCF/analysis/ligand_mutagenesis/outputs/1g2k/halo_Cl_1/gnina/poses.sdf

STDOUT:
              _             
             (_)            
   __ _ _ __  _ _ __   __ _ 
  / _` | '_ \| | '_ \ / _` |
 | (_| | | | | | | | | (_| |
  \__, |_| |_|_|_| |_|\__,_|
   __/ |                    
  |___/                     

gnina v1.3 master:97fa6bc+   Built Oct  3 2024.
gnina is based on smina and AutoDock Vina.
Please cite appropriately.

Commandline: /home/aoxu/projects/PoseBench/forks/GNINA/gnina -r /mnt/katritch_lab2/aoxu/contrasCF/analysis/ligand_mutagenesis/outputs/1g2k/halo_Cl_1/docking/receptor.pdb -l /mnt/katritch_lab2/aoxu/contrasCF/analysis/ligand_mutagenesis/outputs/1g2k/halo_Cl_1/docking/ligand.sdf --center_x 12.105622222222221 --center_y 23.491622222222222 --center_z 5.472688888888889 --size_x 25.0 --size_y 25.0 --size_z 25.0 --cnn_scoring rescore --num_modes 9 --exhaustiveness 8 --seed 42 -o /mnt/katritch_lab2/aoxu/contrasCF/analysis/ligand_mutagenesis/outputs/1g2k/halo_Cl_1/gnina/poses.sdf
Using random seed: 42

0%   10   20   30   40   50   60   70   80   90   100%
|----|----|----|----|----|----|----|----|----|----|
***************************************************
 | pose 0 | initial pose not within box

mode |  affinity  |  intramol  |    CNN     |   CNN
     | (kcal/mol) | (kcal/mol) | pose score | affinity
-----+------------+------------+------------+----------
    1      -10.60        1.95       0.9449      8.925
    2       -9.69       -1.95       0.8962      8.810
    3      -10.68       -1.27       0.8882      8.736
    4      -10.41       -0.68       0.6596      8.680
    5       -8.36       -0.75       0.6580      8.390
    6       -9.14        0.78       0.4395      7.650
    7       -7.73        1.48       0.3999      7.719
    8       -8.98        1.98       0.3812      7.554
    9       -7.82        1.37       0.2539      7.251


STDERR:
