CMD: /home/aoxu/projects/PoseBench/forks/GNINA/gnina -r /mnt/katritch_lab2/aoxu/contrasCF/analysis/ligand_mutagenesis/outputs/1p1n/chrg_neu_ethyl/docking/receptor.pdb -l /mnt/katritch_lab2/aoxu/contrasCF/analysis/ligand_mutagenesis/outputs/1p1n/chrg_neu_ethyl/docking/ligand.sdf --center_x 15.652333333333333 --center_y 2.167933333333333 --center_z 15.6094 --size_x 25.0 --size_y 25.0 --size_z 25.0 --cnn_scoring rescore --num_modes 9 --exhaustiveness 8 --seed 42 -o /mnt/katritch_lab2/aoxu/contrasCF/analysis/ligand_mutagenesis/outputs/1p1n/chrg_neu_ethyl/gnina/poses.sdf

STDOUT:
              _             
             (_)            
   __ _ _ __  _ _ __   __ _ 
  / _` | '_ \| | '_ \ / _` |
 | (_| | | | | | | | | (_| |
  \__, |_| |_|_|_| |_|\__,_|
   __/ |                    
  |___/                     

gnina v1.3 master:97fa6bc+   Built Oct  3 2024.
gnina is based on smina and AutoDock Vina.
Please cite appropriately.

Commandline: /home/aoxu/projects/PoseBench/forks/GNINA/gnina -r /mnt/katritch_lab2/aoxu/contrasCF/analysis/ligand_mutagenesis/outputs/1p1n/chrg_neu_ethyl/docking/receptor.pdb -l /mnt/katritch_lab2/aoxu/contrasCF/analysis/ligand_mutagenesis/outputs/1p1n/chrg_neu_ethyl/docking/ligand.sdf --center_x 15.652333333333333 --center_y 2.167933333333333 --center_z 15.6094 --size_x 25.0 --size_y 25.0 --size_z 25.0 --cnn_scoring rescore --num_modes 9 --exhaustiveness 8 --seed 42 -o /mnt/katritch_lab2/aoxu/contrasCF/analysis/ligand_mutagenesis/outputs/1p1n/chrg_neu_ethyl/gnina/poses.sdf
Using random seed: 42

0%   10   20   30   40   50   60   70   80   90   100%
|----|----|----|----|----|----|----|----|----|----|
***************************************************
 | pose 0 | initial pose not within box

mode |  affinity  |  intramol  |    CNN     |   CNN
     | (kcal/mol) | (kcal/mol) | pose score | affinity
-----+------------+------------+------------+----------
    1       -5.06        0.13       0.4610      4.842
    2       -5.59        0.84       0.3056      4.422
    3       -4.82       -0.54       0.2372      4.210
    4       -5.15        0.32       0.2065      4.090
    5       -5.18        0.01       0.2037      4.203
    6       -4.75       -0.18       0.1385      3.973
    7       -4.76        0.19       0.1384      4.259
    8       -4.59       -0.53       0.1362      3.863
    9       -4.66        0.24       0.1278      3.514


STDERR:
