CMD: /home/aoxu/projects/PoseBench/forks/GNINA/gnina -r /mnt/katritch_lab2/aoxu/contrasCF/analysis/ligand_mutagenesis/outputs/1w4o/chrg_neu_ethyl/docking/receptor.pdb -l /mnt/katritch_lab2/aoxu/contrasCF/analysis/ligand_mutagenesis/outputs/1w4o/chrg_neu_ethyl/docking/ligand.sdf --center_x 36.908 --center_y -0.4347142857142856 --center_z 12.48595238095238 --size_x 25.0 --size_y 25.0 --size_z 25.0 --cnn_scoring rescore --num_modes 9 --exhaustiveness 8 --seed 42 -o /mnt/katritch_lab2/aoxu/contrasCF/analysis/ligand_mutagenesis/outputs/1w4o/chrg_neu_ethyl/gnina/poses.sdf

STDOUT:
              _             
             (_)            
   __ _ _ __  _ _ __   __ _ 
  / _` | '_ \| | '_ \ / _` |
 | (_| | | | | | | | | (_| |
  \__, |_| |_|_|_| |_|\__,_|
   __/ |                    
  |___/                     

gnina v1.3 master:97fa6bc+   Built Oct  3 2024.
gnina is based on smina and AutoDock Vina.
Please cite appropriately.

Commandline: /home/aoxu/projects/PoseBench/forks/GNINA/gnina -r /mnt/katritch_lab2/aoxu/contrasCF/analysis/ligand_mutagenesis/outputs/1w4o/chrg_neu_ethyl/docking/receptor.pdb -l /mnt/katritch_lab2/aoxu/contrasCF/analysis/ligand_mutagenesis/outputs/1w4o/chrg_neu_ethyl/docking/ligand.sdf --center_x 36.908 --center_y -0.4347142857142856 --center_z 12.48595238095238 --size_x 25.0 --size_y 25.0 --size_z 25.0 --cnn_scoring rescore --num_modes 9 --exhaustiveness 8 --seed 42 -o /mnt/katritch_lab2/aoxu/contrasCF/analysis/ligand_mutagenesis/outputs/1w4o/chrg_neu_ethyl/gnina/poses.sdf
Using random seed: 42

0%   10   20   30   40   50   60   70   80   90   100%
|----|----|----|----|----|----|----|----|----|----|
***************************************************
 | pose 0 | initial pose not within box

mode |  affinity  |  intramol  |    CNN     |   CNN
     | (kcal/mol) | (kcal/mol) | pose score | affinity
-----+------------+------------+------------+----------
    1       -5.50        0.56       0.6742      4.978
    2       -5.94       -0.29       0.6261      5.212
    3       -5.89       -0.51       0.6101      4.902
    4       -6.44        1.76       0.6045      4.718
    5       -5.64       -0.44       0.5546      4.946
    6       -5.36        1.69       0.4637      4.525
    7       -4.83        0.01       0.4378      4.808
    8       -5.61        2.92       0.2965      4.622
    9       -5.78       -0.34       0.2834      4.312


STDERR:
