CMD: /home/aoxu/projects/PoseBench/forks/GNINA/gnina -r /mnt/katritch_lab2/aoxu/contrasCF/analysis/ligand_mutagenesis/outputs/4tmn/chrg_neu_propyl/docking/receptor.pdb -l /mnt/katritch_lab2/aoxu/contrasCF/analysis/ligand_mutagenesis/outputs/4tmn/chrg_neu_propyl/docking/ligand.sdf --center_x 35.23863888888889 --center_y 41.43425 --center_z -6.981305555555556 --size_x 25.0 --size_y 25.0 --size_z 25.0 --cnn_scoring rescore --num_modes 9 --exhaustiveness 8 --seed 42 -o /mnt/katritch_lab2/aoxu/contrasCF/analysis/ligand_mutagenesis/outputs/4tmn/chrg_neu_propyl/gnina/poses.sdf

STDOUT:
              _             
             (_)            
   __ _ _ __  _ _ __   __ _ 
  / _` | '_ \| | '_ \ / _` |
 | (_| | | | | | | | | (_| |
  \__, |_| |_|_|_| |_|\__,_|
   __/ |                    
  |___/                     

gnina v1.3 master:97fa6bc+   Built Oct  3 2024.
gnina is based on smina and AutoDock Vina.
Please cite appropriately.

Commandline: /home/aoxu/projects/PoseBench/forks/GNINA/gnina -r /mnt/katritch_lab2/aoxu/contrasCF/analysis/ligand_mutagenesis/outputs/4tmn/chrg_neu_propyl/docking/receptor.pdb -l /mnt/katritch_lab2/aoxu/contrasCF/analysis/ligand_mutagenesis/outputs/4tmn/chrg_neu_propyl/docking/ligand.sdf --center_x 35.23863888888889 --center_y 41.43425 --center_z -6.981305555555556 --size_x 25.0 --size_y 25.0 --size_z 25.0 --cnn_scoring rescore --num_modes 9 --exhaustiveness 8 --seed 42 -o /mnt/katritch_lab2/aoxu/contrasCF/analysis/ligand_mutagenesis/outputs/4tmn/chrg_neu_propyl/gnina/poses.sdf
Using random seed: 42

0%   10   20   30   40   50   60   70   80   90   100%
|----|----|----|----|----|----|----|----|----|----|
***************************************************
 | pose 0 | initial pose not within box

mode |  affinity  |  intramol  |    CNN     |   CNN
     | (kcal/mol) | (kcal/mol) | pose score | affinity
-----+------------+------------+------------+----------
    1       -9.35        0.19       0.9294      8.707
    2       -8.35       -1.25       0.8817      8.612
    3       -9.15        0.54       0.8726      8.365
    4       -9.49       -0.63       0.8662      8.537
    5       -8.30       -1.02       0.8550      8.519
    6       -9.59        1.10       0.8351      8.192
    7       -8.67       -1.71       0.7465      8.009
    8       -8.65       -0.40       0.7339      8.233
    9       -8.24        1.33       0.6937      8.300


STDERR:
